Archive member included because of file (symbol)

/usr/local/gcc-arm-none-eabi-4_9-2014q4/bin/../lib/gcc/arm-none-eabi/4.9.3/../../../../arm-none-eabi/lib/armv7-m/libg_nano.a(lib_a-malloc.o)
                              Middlewares/ST/STM32_USB_Device_Library/Class/MSC/Src/usbd_msc.o (malloc)
/usr/local/gcc-arm-none-eabi-4_9-2014q4/bin/../lib/gcc/arm-none-eabi/4.9.3/../../../../arm-none-eabi/lib/armv7-m/libg_nano.a(lib_a-nano-freer.o)
                              /usr/local/gcc-arm-none-eabi-4_9-2014q4/bin/../lib/gcc/arm-none-eabi/4.9.3/../../../../arm-none-eabi/lib/armv7-m/libg_nano.a(lib_a-malloc.o) (_free_r)
/usr/local/gcc-arm-none-eabi-4_9-2014q4/bin/../lib/gcc/arm-none-eabi/4.9.3/../../../../arm-none-eabi/lib/armv7-m/libg_nano.a(lib_a-nano-mallocr.o)
                              /usr/local/gcc-arm-none-eabi-4_9-2014q4/bin/../lib/gcc/arm-none-eabi/4.9.3/../../../../arm-none-eabi/lib/armv7-m/libg_nano.a(lib_a-malloc.o) (_malloc_r)
/usr/local/gcc-arm-none-eabi-4_9-2014q4/bin/../lib/gcc/arm-none-eabi/4.9.3/../../../../arm-none-eabi/lib/armv7-m/libg_nano.a(lib_a-sbrkr.o)
                              /usr/local/gcc-arm-none-eabi-4_9-2014q4/bin/../lib/gcc/arm-none-eabi/4.9.3/../../../../arm-none-eabi/lib/armv7-m/libg_nano.a(lib_a-nano-mallocr.o) (_sbrk_r)
/usr/local/gcc-arm-none-eabi-4_9-2014q4/bin/../lib/gcc/arm-none-eabi/4.9.3/../../../../arm-none-eabi/lib/armv7-m/libg_nano.a(lib_a-impure.o)
                              /usr/local/gcc-arm-none-eabi-4_9-2014q4/bin/../lib/gcc/arm-none-eabi/4.9.3/../../../../arm-none-eabi/lib/armv7-m/libg_nano.a(lib_a-malloc.o) (_impure_ptr)
/usr/local/gcc-arm-none-eabi-4_9-2014q4/bin/../lib/gcc/arm-none-eabi/4.9.3/../../../../arm-none-eabi/lib/armv7-m/libg_nano.a(lib_a-reent.o)
                              /usr/local/gcc-arm-none-eabi-4_9-2014q4/bin/../lib/gcc/arm-none-eabi/4.9.3/../../../../arm-none-eabi/lib/armv7-m/libg_nano.a(lib_a-sbrkr.o) (errno)
/usr/local/gcc-arm-none-eabi-4_9-2014q4/bin/../lib/gcc/arm-none-eabi/4.9.3/../../../../arm-none-eabi/lib/armv7-m/libnosys.a(sbrk.o)
                              /usr/local/gcc-arm-none-eabi-4_9-2014q4/bin/../lib/gcc/arm-none-eabi/4.9.3/../../../../arm-none-eabi/lib/armv7-m/libg_nano.a(lib_a-sbrkr.o) (_sbrk)

Allocating common symbols
Common symbol       size              file

hUsbDeviceFS        0x224             Src/usb_device.o
ReadStreamPacket    0x4               Src/upstream_msc.o
TemporaryIncomingPacketLength
                    0x4               Src/upstream_spi.o
SCSI_ProcessCmd_hmsc
                    0x4               Middlewares/ST/STM32_USB_Device_Library/Class/MSC/Src/usbd_msc_scsi.o
BlockStart          0x8               Src/upstream_msc.o
SCSI_ProcessCmd_params
                    0x4               Middlewares/ST/STM32_USB_Device_Library/Class/MSC/Src/usbd_msc_scsi.o
errno               0x4               /usr/local/gcc-arm-none-eabi-4_9-2014q4/bin/../lib/gcc/arm-none-eabi/4.9.3/../../../../arm-none-eabi/lib/armv7-m/libg_nano.a(lib_a-reent.o)
hpcd_USB_OTG_FS     0x3b4             Src/usbd_config.o
ReadStreamBusy      0x1               Src/upstream_msc.o
SentCommand         0x1               Src/upstream_spi.o
GetCapacityCallback
                    0x4               Src/upstream_msc.o
UpstreamPacket1     0x208             Src/upstream_spi.o
BlockCount          0x4               Src/upstream_msc.o
TestReadyCallback   0x4               Src/upstream_msc.o
SCSI_ProcessCmd_lun
                    0x1               Middlewares/ST/STM32_USB_Device_Library/Class/MSC/Src/usbd_msc_scsi.o
SCSI_ProcessCmd_callback
                    0x4               Middlewares/ST/STM32_USB_Device_Library/Class/MSC/Src/usbd_msc_scsi.o
SCSI_ProcessCmd_pdev
                    0x4               Middlewares/ST/STM32_USB_Device_Library/Class/MSC/Src/usbd_msc_scsi.o
CurrentWorkingPacket
                    0x4               Src/upstream_spi.o
MSC_BOT_pdev        0x4               Middlewares/ST/STM32_USB_Device_Library/Class/MSC/Src/usbd_msc_bot.o
UpstreamPacket0     0x208             Src/upstream_spi.o
GetStreamDataCallback
                    0x4               Src/upstream_msc.o
SentCommandClass    0x1               Src/upstream_spi.o
MSC_BOT_hmsc        0x4               Middlewares/ST/STM32_USB_Device_Library/Class/MSC/Src/usbd_msc_bot.o
ByteCount           0x4               Src/upstream_msc.o
Hspi1               0x58              Src/upstream_spi.o
USBD_StrDesc        0x200             Src/usbd_descriptors.o

Discarded input sections

 .group         0x00000000        0x8 Src/usbd_descriptors.o
 .group         0x00000000        0x8 Src/usbd_descriptors.o
 .group         0x00000000        0x8 Src/usbd_descriptors.o
 .group         0x00000000        0x8 Src/usbd_descriptors.o
 .group         0x00000000        0x8 Src/usbd_descriptors.o
 .group         0x00000000        0x8 Src/usbd_descriptors.o
 .group         0x00000000        0x8 Src/usbd_descriptors.o
 .group         0x00000000        0x8 Src/usbd_descriptors.o
[...]
Memory Configuration

Name             Origin             Length             Attributes
FLASH            0x08000000         0x00100000         xr
SRAM1            0x20000000         0x0001c000         xrw
SRAM2            0x2001c000         0x00004000         xrw
CCMRAM           0x10000000         0x00010000         rw
*default*        0x00000000         0xffffffff

Linker script and memory map

LOAD Src/usbd_descriptors.o
LOAD Src/usbd_config.o
LOAD Src/usb_device.o
LOAD Src/upstream_statemachine.o
LOAD Src/upstream_spi.o
LOAD Src/upstream_msc.o
LOAD Src/main.o
LOAD Src/led.o
LOAD Src/interrupts.o
LOAD Src/hal_msp.o
LOAD Middlewares/ST/STM32_USB_Device_Library/Core/Src/usbd_ioreq.o
LOAD Middlewares/ST/STM32_USB_Device_Library/Core/Src/usbd_ctlreq.o
LOAD Middlewares/ST/STM32_USB_Device_Library/Core/Src/usbd_core.o
LOAD Middlewares/ST/STM32_USB_Device_Library/Class/MSC/Src/usbd_msc_scsi.o
LOAD Middlewares/ST/STM32_USB_Device_Library/Class/MSC/Src/usbd_msc_data.o
LOAD Middlewares/ST/STM32_USB_Device_Library/Class/MSC/Src/usbd_msc_bot.o
LOAD Middlewares/ST/STM32_USB_Device_Library/Class/MSC/Src/usbd_msc.o
LOAD Drivers/STM32F4xx_HAL_Driver/Src/stm32f4xx_ll_usb.o
LOAD Drivers/STM32F4xx_HAL_Driver/Src/stm32f4xx_hal_spi.o
LOAD Drivers/STM32F4xx_HAL_Driver/Src/stm32f4xx_hal_rcc_ex.o
LOAD Drivers/STM32F4xx_HAL_Driver/Src/stm32f4xx_hal_rcc.o
LOAD Drivers/STM32F4xx_HAL_Driver/Src/stm32f4xx_hal_pcd_ex.o
LOAD Drivers/STM32F4xx_HAL_Driver/Src/stm32f4xx_hal_pcd.o
LOAD Drivers/STM32F4xx_HAL_Driver/Src/stm32f4xx_hal_gpio.o
LOAD Drivers/STM32F4xx_HAL_Driver/Src/stm32f4xx_hal_dma.o
LOAD Drivers/STM32F4xx_HAL_Driver/Src/stm32f4xx_hal_cortex.o
LOAD Drivers/STM32F4xx_HAL_Driver/Src/stm32f4xx_hal.o
LOAD Drivers/CMSIS/Device/ST/STM32F4xx/Source/Templates/system_stm32f4xx.o
LOAD Drivers/CMSIS/Device/ST/STM32F4xx/Source/Templates/gcc/startup_stm32f405xx.o
START GROUP
LOAD /usr/local/gcc-arm-none-eabi-4_9-2014q4/bin/../lib/gcc/arm-none-eabi/4.9.3/armv7-m/libgcc.a
LOAD /usr/local/gcc-arm-none-eabi-4_9-2014q4/bin/../lib/gcc/arm-none-eabi/4.9.3/../../../../arm-none-eabi/lib/armv7-m/libg_nano.a
LOAD /usr/local/gcc-arm-none-eabi-4_9-2014q4/bin/../lib/gcc/arm-none-eabi/4.9.3/../../../../arm-none-eabi/lib/armv7-m/libc_nano.a
END GROUP
START GROUP
LOAD /usr/local/gcc-arm-none-eabi-4_9-2014q4/bin/../lib/gcc/arm-none-eabi/4.9.3/armv7-m/libgcc.a
LOAD /usr/local/gcc-arm-none-eabi-4_9-2014q4/bin/../lib/gcc/arm-none-eabi/4.9.3/../../../../arm-none-eabi/lib/armv7-m/libc_nano.a
END GROUP
START GROUP
LOAD /usr/local/gcc-arm-none-eabi-4_9-2014q4/bin/../lib/gcc/arm-none-eabi/4.9.3/armv7-m/libgcc.a
LOAD /usr/local/gcc-arm-none-eabi-4_9-2014q4/bin/../lib/gcc/arm-none-eabi/4.9.3/../../../../arm-none-eabi/lib/armv7-m/libc.a
LOAD /usr/local/gcc-arm-none-eabi-4_9-2014q4/bin/../lib/gcc/arm-none-eabi/4.9.3/../../../../arm-none-eabi/lib/armv7-m/libm.a
LOAD /usr/local/gcc-arm-none-eabi-4_9-2014q4/bin/../lib/gcc/arm-none-eabi/4.9.3/../../../../arm-none-eabi/lib/armv7-m/libnosys.a
END GROUP

.text           0x08000000     0x4d26
 *(.vectors)
 .vectors       0x08000000      0x188 Drivers/CMSIS/Device/ST/STM32F4xx/Source/Templates/gcc/startup_stm32f405xx.o
                0x08000000                __Vectors
                0x08000188                __Vectors_End = .
                0x00000188                __Vectors_Size = (__Vectors_End - __Vectors)
                0x08000188                __end__ = .
 *(.text*)
 .text.USBD_FS_DeviceDescriptor
                0x08000188        0xc Src/usbd_descriptors.o
                0x08000188                USBD_FS_DeviceDescriptor
 .text.USBD_FS_LangIDStrDescriptor
                0x08000194        0xc Src/usbd_descriptors.o
                0x08000194                USBD_FS_LangIDStrDescriptor
 .text.USBD_FS_ProductStrDescriptor
                0x080001a0       0x1c Src/usbd_descriptors.o
                0x080001a0                USBD_FS_ProductStrDescriptor
 .text.USBD_FS_ManufacturerStrDescriptor
                0x080001bc       0x1c Src/usbd_descriptors.o
                0x080001bc                USBD_FS_ManufacturerStrDescriptor
 .text.USBD_FS_SerialStrDescriptor
                0x080001d8       0x1c Src/usbd_descriptors.o
                0x080001d8                USBD_FS_SerialStrDescriptor
 .text.USBD_FS_ConfigStrDescriptor
                0x080001f4       0x1c Src/usbd_descriptors.o
                0x080001f4                USBD_FS_ConfigStrDescriptor
 .text.USBD_FS_InterfaceStrDescriptor
                0x08000210       0x1c Src/usbd_descriptors.o
                0x08000210                USBD_FS_InterfaceStrDescriptor
 .text.HAL_PCD_MspInit
                0x0800022c       0x58 Src/usbd_config.o
                0x0800022c                HAL_PCD_MspInit
 .text.HAL_PCD_SetupStageCallback
                0x08000284       0x14 Src/usbd_config.o
                0x08000284                HAL_PCD_SetupStageCallback
 .text.HAL_PCD_DataOutStageCallback
                0x08000298       0x18 Src/usbd_config.o
                0x08000298                HAL_PCD_DataOutStageCallback
 .text.HAL_PCD_DataInStageCallback
                0x080002b0       0x18 Src/usbd_config.o
                0x080002b0                HAL_PCD_DataInStageCallback
 .text.HAL_PCD_SOFCallback
                0x080002c8        0xc Src/usbd_config.o
                0x080002c8                HAL_PCD_SOFCallback
 .text.HAL_PCD_ResetCallback
                0x080002d4       0x20 Src/usbd_config.o
                0x080002d4                HAL_PCD_ResetCallback
 .text.HAL_PCD_SuspendCallback
                0x080002f4       0x1c Src/usbd_config.o
                0x080002f4                HAL_PCD_SuspendCallback
 .text.HAL_PCD_ResumeCallback
                0x08000310       0x1c Src/usbd_config.o
                0x08000310                HAL_PCD_ResumeCallback
 .text.HAL_PCD_ISOOUTIncompleteCallback
                0x0800032c        0xc Src/usbd_config.o
                0x0800032c                HAL_PCD_ISOOUTIncompleteCallback
 .text.HAL_PCD_ISOINIncompleteCallback
                0x08000338        0xc Src/usbd_config.o
                0x08000338                HAL_PCD_ISOINIncompleteCallback
 .text.HAL_PCD_ConnectCallback
                0x08000344        0xc Src/usbd_config.o
                0x08000344                HAL_PCD_ConnectCallback
 .text.HAL_PCD_DisconnectCallback
                0x08000350        0xc Src/usbd_config.o
                0x08000350                HAL_PCD_DisconnectCallback
 .text.HAL_PCD_BufferFreedCallBack
                0x0800035c        0xc Src/usbd_config.o
                0x0800035c                HAL_PCD_BufferFreedCallBack
 .text.USBD_LL_Init
                0x08000368       0x5c Src/usbd_config.o
                0x08000368                USBD_LL_Init
 .text.USBD_LL_Start
                0x080003c4       0x10 Src/usbd_config.o
                0x080003c4                USBD_LL_Start
 .text.USBD_LL_Stop
                0x080003d4       0x10 Src/usbd_config.o
                0x080003d4                USBD_LL_Stop
 .text.USBD_LL_OpenEP
                0x080003e4       0x14 Src/usbd_config.o
                0x080003e4                USBD_LL_OpenEP
 .text.USBD_LL_CloseEP
                0x080003f8       0x10 Src/usbd_config.o
                0x080003f8                USBD_LL_CloseEP
 .text.USBD_LL_FlushEP
                0x08000408       0x10 Src/usbd_config.o
                0x08000408                USBD_LL_FlushEP
 .text.USBD_LL_StallEP
                0x08000418       0x10 Src/usbd_config.o
                0x08000418                USBD_LL_StallEP
 .text.USBD_LL_ClearStallEP
                0x08000428       0x10 Src/usbd_config.o
                0x08000428                USBD_LL_ClearStallEP
 .text.USBD_LL_IsStallEP
                0x08000438       0x30 Src/usbd_config.o
                0x08000438                USBD_LL_IsStallEP
 .text.USBD_LL_SetUSBAddress
                0x08000468       0x10 Src/usbd_config.o
                0x08000468                USBD_LL_SetUSBAddress
 .text.USBD_LL_Transmit
                0x08000478       0x10 Src/usbd_config.o
                0x08000478                USBD_LL_Transmit
 .text.USBD_LL_PrepareReceive
                0x08000488       0x10 Src/usbd_config.o
                0x08000488                USBD_LL_PrepareReceive
 .text.USBD_LL_GetRxDataSize
                0x08000498        0xc Src/usbd_config.o
                0x08000498                USBD_LL_GetRxDataSize
 .text.USB_Device_Init
                0x080004a4       0x18 Src/usb_device.o
                0x080004a4                USB_Device_Init
 .text.Upstream_StateMachine_NotifyDevice
                0x080004bc       0x28 Src/upstream_statemachine.o
                0x080004bc                Upstream_StateMachine_NotifyDevice
 .text.Upstream_InitStateMachine
                0x080004e4       0x50 Src/upstream_statemachine.o
                0x080004e4                Upstream_InitStateMachine
 .text.Upstream_StateMachine_SetErrorState
                0x08000534       0x24 Src/upstream_statemachine.o
                0x08000534                Upstream_StateMachine_SetErrorState
 .text.Upstream_StateMachine_TestInterfaceReplyCallback
                0x08000558       0x64 Src/upstream_statemachine.o
                0x08000558                Upstream_StateMachine_TestInterfaceReplyCallback
 .text.Upstream_StateMachine_NotifyDeviceReplyCallback
                0x080005bc       0x90 Src/upstream_statemachine.o
                0x080005bc                Upstream_StateMachine_NotifyDeviceReplyCallback
 .text.Upstream_StateMachine_CheckClassOperationOk
                0x0800064c       0x28 Src/upstream_statemachine.o
                0x0800064c                Upstream_StateMachine_CheckClassOperationOk
 .text.Upstream_StateMachine_DeviceDisconnected
                0x08000674       0x30 Src/upstream_statemachine.o
                0x08000674                Upstream_StateMachine_DeviceDisconnected
 .text.Upstream_BeginReceivePacketSize
                0x080006a4       0x64 Src/upstream_spi.o
                0x080006a4                Upstream_BeginReceivePacketSize
 .text.Upstream_InitSPI
                0x08000708       0x70 Src/upstream_spi.o
                0x08000708                Upstream_InitSPI
 .text.Upstream_GetFreePacket
                0x08000778       0x60 Src/upstream_spi.o
                0x08000778                Upstream_GetFreePacket
 .text.Upstream_GetFreePacketImmediately
                0x080007d8       0x44 Src/upstream_spi.o
                0x080007d8                Upstream_GetFreePacketImmediately
 .text.Upstream_ReleasePacket
                0x0800081c       0x48 Src/upstream_spi.o
                0x0800081c                Upstream_ReleasePacket
 .text.HAL_SPI_TxRxCpltCallback
                0x08000864       0x14 Src/upstream_spi.o
                0x08000864                HAL_SPI_TxRxCpltCallback
 .text.Upstream_CheckBeginPacketReception
                0x08000878       0x50 Src/upstream_spi.o
                0x08000878                Upstream_CheckBeginPacketReception
 .text.Upstream_ReceivePacket
                0x080008c8       0x34 Src/upstream_spi.o
                0x080008c8                Upstream_ReceivePacket
 .text.Upstream_BeginTransmitPacketSize
                0x080008fc       0x44 Src/upstream_spi.o
                0x080008fc                Upstream_BeginTransmitPacketSize
 .text.Upstream_TransmitPacket
                0x08000940       0xc0 Src/upstream_spi.o
                0x08000940                Upstream_TransmitPacket
 .text.Upstream_BeginTransmitPacketBody
                0x08000a00       0x48 Src/upstream_spi.o
                0x08000a00                Upstream_BeginTransmitPacketBody
 .text.Upstream_BeginReceivePacketBody
                0x08000a48       0x48 Src/upstream_spi.o
                0x08000a48                Upstream_BeginReceivePacketBody
 .text.Upstream_SPIProcess
                0x08000a90      0x170 Src/upstream_spi.o
                0x08000a90                Upstream_SPIProcess
 .text.Upstream_SPIProcess_InterruptSafe
                0x08000c00       0x20 Src/upstream_spi.o
                0x08000c00                Upstream_SPIProcess_InterruptSafe
 .text.Upstream_TxOkInterrupt
                0x08000c20       0x58 Src/upstream_spi.o
                0x08000c20                Upstream_TxOkInterrupt
 .text.HAL_SPI_ErrorCallback
                0x08000c78       0x1c Src/upstream_spi.o
                0x08000c78                HAL_SPI_ErrorCallback
 .text.Upstream_MSC_GetCapacityReplyCallback
                0x08000c94       0x40 Src/upstream_msc.o
 .text.Upstream_MSC_TestReadyReplyCallback
                0x08000cd4       0x44 Src/upstream_msc.o
 .text.Upstream_MSC_BeginWriteReplyCallback
                0x08000d18       0x48 Src/upstream_msc.o
 .text.Upstream_MSC_TestReadyFreePacketCallback
                0x08000d60       0x44 Src/upstream_msc.o
 .text.Upstream_MSC_BeginWriteFreePacketCallback
                0x08000da4       0x60 Src/upstream_msc.o
 .text.Upstream_MSC_TestReady
                0x08000e04       0x24 Src/upstream_msc.o
                0x08000e04                Upstream_MSC_TestReady
 .text.Upstream_MSC_GetCapacity
                0x08000e28       0x40 Src/upstream_msc.o
                0x08000e28                Upstream_MSC_GetCapacity
 .text.Upstream_MSC_BeginRead
                0x08000e68       0x6c Src/upstream_msc.o
                0x08000e68                Upstream_MSC_BeginRead
 .text.Upstream_MSC_GetStreamDataPacket
                0x08000ed4       0x50 Src/upstream_msc.o
                0x08000ed4                Upstream_MSC_GetStreamDataPacket
 .text.Upstream_MSC_GetStreamDataPacketCallback
                0x08000f24       0x70 Src/upstream_msc.o
 .text.Upstream_MSC_BeginWrite
                0x08000f94       0x3c Src/upstream_msc.o
                0x08000f94                Upstream_MSC_BeginWrite
 .text.Upstream_MSC_PutStreamDataPacket
                0x08000fd0       0x30 Src/upstream_msc.o
                0x08000fd0                Upstream_MSC_PutStreamDataPacket
 .text.GPIO_Init
                0x08001000       0xc0 Src/main.o
 .text.SystemClock_Config
                0x080010c0       0x7c Src/main.o
                0x080010c0                SystemClock_Config
 .text.main     0x0800113c       0x20 Src/main.o
                0x0800113c                main
 .text.LED_Init
                0x0800115c       0x20 Src/led.o
                0x0800115c                LED_Init
 .text.LED_Fault_SetBlinkRate
                0x0800117c       0x24 Src/led.o
                0x0800117c                LED_Fault_SetBlinkRate
 .text.LED_DoBlinks
                0x080011a0       0x4c Src/led.o
                0x080011a0                LED_DoBlinks
 .text.SysTick_Handler
                0x080011ec        0xc Src/interrupts.o
                0x080011ec                SysTick_Handler
 .text.OTG_FS_IRQHandler
                0x080011f8       0x10 Src/interrupts.o
                0x080011f8                OTG_FS_IRQHandler
 .text.EXTI3_IRQHandler
                0x08001208       0x14 Src/interrupts.o
                0x08001208                EXTI3_IRQHandler
 .text.SPI1_IRQHandler
                0x0800121c       0x20 Src/interrupts.o
                0x0800121c                SPI1_IRQHandler
 .text.HAL_MspInit
                0x0800123c       0x10 Src/hal_msp.o
                0x0800123c                HAL_MspInit
 .text.HAL_SPI_MspInit
                0x0800124c       0x90 Src/hal_msp.o
                0x0800124c                HAL_SPI_MspInit
 .text.USBD_CtlSendData
                0x080012dc       0x1c Middlewares/ST/STM32_USB_Device_Library/Core/Src/usbd_ioreq.o
                0x080012dc                USBD_CtlSendData
 .text.USBD_CtlContinueSendData
                0x080012f8       0x14 Middlewares/ST/STM32_USB_Device_Library/Core/Src/usbd_ioreq.o
                0x080012f8                USBD_CtlContinueSendData
 .text.USBD_CtlContinueRx
                0x0800130c       0x14 Middlewares/ST/STM32_USB_Device_Library/Core/Src/usbd_ioreq.o
                0x0800130c                USBD_CtlContinueRx
 .text.USBD_CtlSendStatus
                0x08001320       0x18 Middlewares/ST/STM32_USB_Device_Library/Core/Src/usbd_ioreq.o
                0x08001320                USBD_CtlSendStatus
 .text.USBD_CtlReceiveStatus
                0x08001338       0x18 Middlewares/ST/STM32_USB_Device_Library/Core/Src/usbd_ioreq.o
                0x08001338                USBD_CtlReceiveStatus
 .text.USBD_GetLen
                0x08001350       0x14 Middlewares/ST/STM32_USB_Device_Library/Core/Src/usbd_ctlreq.o
 .text.USBD_SetFeature
                0x08001364       0x20 Middlewares/ST/STM32_USB_Device_Library/Core/Src/usbd_ctlreq.o
 .text.USBD_ParseSetupRequest
                0x08001384       0x28 Middlewares/ST/STM32_USB_Device_Library/Core/Src/usbd_ctlreq.o
                0x08001384                USBD_ParseSetupRequest
 .text.USBD_CtlError
                0x080013ac       0x14 Middlewares/ST/STM32_USB_Device_Library/Core/Src/usbd_ctlreq.o
                0x080013ac                USBD_CtlError
 .text.USBD_GetDescriptor
                0x080013c0      0x144 Middlewares/ST/STM32_USB_Device_Library/Core/Src/usbd_ctlreq.o
 .text.USBD_SetAddress
                0x08001504       0x4c Middlewares/ST/STM32_USB_Device_Library/Core/Src/usbd_ctlreq.o
 .text.USBD_SetConfig
                0x08001550       0xa8 Middlewares/ST/STM32_USB_Device_Library/Core/Src/usbd_ctlreq.o
 .text.USBD_GetConfig
                0x080015f8       0x40 Middlewares/ST/STM32_USB_Device_Library/Core/Src/usbd_ctlreq.o
 .text.USBD_GetStatus
                0x08001638       0x30 Middlewares/ST/STM32_USB_Device_Library/Core/Src/usbd_ctlreq.o
 .text.USBD_ClrFeature
                0x08001668       0x30 Middlewares/ST/STM32_USB_Device_Library/Core/Src/usbd_ctlreq.o
 .text.USBD_StdDevReq
                0x08001698       0x48 Middlewares/ST/STM32_USB_Device_Library/Core/Src/usbd_ctlreq.o
                0x08001698                USBD_StdDevReq
 .text.USBD_StdItfReq
                0x080016e0       0x38 Middlewares/ST/STM32_USB_Device_Library/Core/Src/usbd_ctlreq.o
                0x080016e0                USBD_StdItfReq
 .text.USBD_StdEPReq
                0x08001718      0x11c Middlewares/ST/STM32_USB_Device_Library/Core/Src/usbd_ctlreq.o
                0x08001718                USBD_StdEPReq
 .text.USBD_GetString
                0x08001834       0x3c Middlewares/ST/STM32_USB_Device_Library/Core/Src/usbd_ctlreq.o
                0x08001834                USBD_GetString
 .text.USBD_Init
                0x08001870       0x2c Middlewares/ST/STM32_USB_Device_Library/Core/Src/usbd_core.o
                0x08001870                USBD_Init
 .text.USBD_RegisterClass
                0x0800189c       0x10 Middlewares/ST/STM32_USB_Device_Library/Core/Src/usbd_core.o
                0x0800189c                USBD_RegisterClass
 .text.USBD_Start
                0x080018ac        0xc Middlewares/ST/STM32_USB_Device_Library/Core/Src/usbd_core.o
                0x080018ac                USBD_Start
 .text.USBD_Stop
                0x080018b8       0x18 Middlewares/ST/STM32_USB_Device_Library/Core/Src/usbd_core.o
                0x080018b8                USBD_Stop
 .text.USBD_SetClassConfig
                0x080018d0       0x1c Middlewares/ST/STM32_USB_Device_Library/Core/Src/usbd_core.o
                0x080018d0                USBD_SetClassConfig
 .text.USBD_ClrClassConfig
                0x080018ec       0x10 Middlewares/ST/STM32_USB_Device_Library/Core/Src/usbd_core.o
                0x080018ec                USBD_ClrClassConfig
 .text.USBD_SetupStage
                0x080018fc       0x5c Middlewares/ST/STM32_USB_Device_Library/Core/Src/usbd_core.o
                0x080018fc                USBD_SetupStage
 .text.USBD_DataOutStage
                0x08001958       0x60 Middlewares/ST/STM32_USB_Device_Library/Core/Src/usbd_core.o
                0x08001958                USBD_DataOutStage
 .text.USBD_DataInStage
                0x080019b8       0xa8 Middlewares/ST/STM32_USB_Device_Library/Core/Src/usbd_core.o
                0x080019b8                USBD_DataInStage
 .text.USBD_Reset
                0x08001a60       0x40 Middlewares/ST/STM32_USB_Device_Library/Core/Src/usbd_core.o
                0x08001a60                USBD_Reset
 .text.USBD_SetSpeed
                0x08001aa0        0x8 Middlewares/ST/STM32_USB_Device_Library/Core/Src/usbd_core.o
                0x08001aa0                USBD_SetSpeed
 .text.USBD_Suspend
                0x08001aa8       0x14 Middlewares/ST/STM32_USB_Device_Library/Core/Src/usbd_core.o
                0x08001aa8                USBD_Suspend
 .text.USBD_Resume
                0x08001abc        0xc Middlewares/ST/STM32_USB_Device_Library/Core/Src/usbd_core.o
                0x08001abc                USBD_Resume
 .text.USBD_SOF
                0x08001ac8       0x18 Middlewares/ST/STM32_USB_Device_Library/Core/Src/usbd_core.o
                0x08001ac8                USBD_SOF
 .text.USBD_IsoINIncomplete
                0x08001ae0        0x4 Middlewares/ST/STM32_USB_Device_Library/Core/Src/usbd_core.o
                0x08001ae0                USBD_IsoINIncomplete
 .text.USBD_IsoOUTIncomplete
                0x08001ae4        0x4 Middlewares/ST/STM32_USB_Device_Library/Core/Src/usbd_core.o
                0x08001ae4                USBD_IsoOUTIncomplete
 .text.USBD_DevConnected
                0x08001ae8        0x4 Middlewares/ST/STM32_USB_Device_Library/Core/Src/usbd_core.o
                0x08001ae8                USBD_DevConnected
 .text.USBD_DevDisconnected
                0x08001aec       0x18 Middlewares/ST/STM32_USB_Device_Library/Core/Src/usbd_core.o
                0x08001aec                USBD_DevDisconnected
 .text.USBD_BufferFreed
                0x08001b04       0x10 Middlewares/ST/STM32_USB_Device_Library/Core/Src/usbd_core.o
                0x08001b04                USBD_BufferFreed
 .text.SCSI_StartStopUnit
                0x08001b14       0x1c Middlewares/ST/STM32_USB_Device_Library/Class/MSC/Src/usbd_msc_scsi.o
 .text.SCSI_RequestSense
                0x08001b30       0xb4 Middlewares/ST/STM32_USB_Device_Library/Class/MSC/Src/usbd_msc_scsi.o
 .text.SCSI_Inquiry
                0x08001be4       0x6c Middlewares/ST/STM32_USB_Device_Library/Class/MSC/Src/usbd_msc_scsi.o
 .text.SCSI_ModeSense6
                0x08001c50       0x40 Middlewares/ST/STM32_USB_Device_Library/Class/MSC/Src/usbd_msc_scsi.o
 .text.SCSI_ModeSense10
                0x08001c90       0x40 Middlewares/ST/STM32_USB_Device_Library/Class/MSC/Src/usbd_msc_scsi.o
 .text.SCSI_Write10FreePacketCallback
                0x08001cd0       0x3c Middlewares/ST/STM32_USB_Device_Library/Class/MSC/Src/usbd_msc_scsi.o
                0x08001cd0                SCSI_Write10FreePacketCallback
 .text.SCSI_SenseCode
                0x08001d0c       0x30 Middlewares/ST/STM32_USB_Device_Library/Class/MSC/Src/usbd_msc_scsi.o
                0x08001d0c                SCSI_SenseCode
 .text.SCSI_CheckAddressRange
                0x08001d3c       0x38 Middlewares/ST/STM32_USB_Device_Library/Class/MSC/Src/usbd_msc_scsi.o
 .text.SCSI_Verify10
                0x08001d74       0x6c Middlewares/ST/STM32_USB_Device_Library/Class/MSC/Src/usbd_msc_scsi.o
 .text.SCSI_TestUnitReadyCallback
                0x08001de0       0x48 Middlewares/ST/STM32_USB_Device_Library/Class/MSC/Src/usbd_msc_scsi.o
                0x08001de0                SCSI_TestUnitReadyCallback
 .text.SCSI_TestUnitReady
                0x08001e28       0x58 Middlewares/ST/STM32_USB_Device_Library/Class/MSC/Src/usbd_msc_scsi.o
 .text.SCSI_ReadCapacity10Callback
                0x08001e80       0x9c Middlewares/ST/STM32_USB_Device_Library/Class/MSC/Src/usbd_msc_scsi.o
                0x08001e80                SCSI_ReadCapacity10Callback
 .text.SCSI_ReadCapacity10
                0x08001f1c       0x1c Middlewares/ST/STM32_USB_Device_Library/Class/MSC/Src/usbd_msc_scsi.o
 .text.SCSI_ReadFormatCapacityCallback
                0x08001f38       0x98 Middlewares/ST/STM32_USB_Device_Library/Class/MSC/Src/usbd_msc_scsi.o
                0x08001f38                SCSI_ReadFormatCapacityCallback
 .text.SCSI_ReadFormatCapacity
                0x08001fd0       0x1c Middlewares/ST/STM32_USB_Device_Library/Class/MSC/Src/usbd_msc_scsi.o
 .text.SCSI_Read10ReplyCallback
                0x08001fec       0x6c Middlewares/ST/STM32_USB_Device_Library/Class/MSC/Src/usbd_msc_scsi.o
                0x08001fec                SCSI_Read10ReplyCallback
 .text.SCSI_Read10BeginCallback
                0x08002058       0x50 Middlewares/ST/STM32_USB_Device_Library/Class/MSC/Src/usbd_msc_scsi.o
                0x08002058                SCSI_Read10BeginCallback
 .text.SCSI_Read10
                0x080020a8       0xf8 Middlewares/ST/STM32_USB_Device_Library/Class/MSC/Src/usbd_msc_scsi.o
 .text.SCSI_Write10BeginCallback
                0x080021a0       0x80 Middlewares/ST/STM32_USB_Device_Library/Class/MSC/Src/usbd_msc_scsi.o
                0x080021a0                SCSI_Write10BeginCallback
 .text.SCSI_Write10
                0x08002220      0x160 Middlewares/ST/STM32_USB_Device_Library/Class/MSC/Src/usbd_msc_scsi.o
 .text.SCSI_ProcessCmd
                0x08002380       0xf0 Middlewares/ST/STM32_USB_Device_Library/Class/MSC/Src/usbd_msc_scsi.o
                0x08002380                SCSI_ProcessCmd
 .text.MSC_BOT_Abort
                0x08002470       0x3c Middlewares/ST/STM32_USB_Device_Library/Class/MSC/Src/usbd_msc_bot.o
 .text.MSC_BOT_CBW_Decode
                0x080024ac       0x74 Middlewares/ST/STM32_USB_Device_Library/Class/MSC/Src/usbd_msc_bot.o
 .text.MSC_BOT_SendData
                0x08002520       0x2c Middlewares/ST/STM32_USB_Device_Library/Class/MSC/Src/usbd_msc_bot.o
 .text.MSC_BOT_Init
                0x0800254c       0x34 Middlewares/ST/STM32_USB_Device_Library/Class/MSC/Src/usbd_msc_bot.o
                0x0800254c                MSC_BOT_Init
 .text.MSC_BOT_Reset
                0x08002580       0x18 Middlewares/ST/STM32_USB_Device_Library/Class/MSC/Src/usbd_msc_bot.o
                0x08002580                MSC_BOT_Reset
 .text.MSC_BOT_DeInit
                0x08002598        0xc Middlewares/ST/STM32_USB_Device_Library/Class/MSC/Src/usbd_msc_bot.o
                0x08002598                MSC_BOT_DeInit
 .text.MSC_BOT_DataOut
                0x080025a4       0x30 Middlewares/ST/STM32_USB_Device_Library/Class/MSC/Src/usbd_msc_bot.o
                0x080025a4                MSC_BOT_DataOut
 .text.MSC_BOT_SendCSW
                0x080025d4       0x38 Middlewares/ST/STM32_USB_Device_Library/Class/MSC/Src/usbd_msc_bot.o
                0x080025d4                MSC_BOT_SendCSW
 .text.MSC_BOT_DataIn
                0x0800260c       0x38 Middlewares/ST/STM32_USB_Device_Library/Class/MSC/Src/usbd_msc_bot.o
                0x0800260c                MSC_BOT_DataIn
 .text.MSC_BOT_DataIn_Callback
                0x08002644       0x18 Middlewares/ST/STM32_USB_Device_Library/Class/MSC/Src/usbd_msc_bot.o
                0x08002644                MSC_BOT_DataIn_Callback
 .text.MSC_BOT_DataOut_Callback
                0x0800265c       0x18 Middlewares/ST/STM32_USB_Device_Library/Class/MSC/Src/usbd_msc_bot.o
                0x0800265c                MSC_BOT_DataOut_Callback
 .text.MSC_BOT_CBW_Decode_Callback
                0x08002674       0x5c Middlewares/ST/STM32_USB_Device_Library/Class/MSC/Src/usbd_msc_bot.o
                0x08002674                MSC_BOT_CBW_Decode_Callback
 .text.MSC_BOT_CplClrFeature
                0x080026d0       0x2c Middlewares/ST/STM32_USB_Device_Library/Class/MSC/Src/usbd_msc_bot.o
                0x080026d0                MSC_BOT_CplClrFeature
 .text.USBD_MSC_GetHSCfgDesc
                0x080026fc        0xc Middlewares/ST/STM32_USB_Device_Library/Class/MSC/Src/usbd_msc.o
                0x080026fc                USBD_MSC_GetHSCfgDesc
 .text.USBD_MSC_GetFSCfgDesc
                0x08002708        0xc Middlewares/ST/STM32_USB_Device_Library/Class/MSC/Src/usbd_msc.o
                0x08002708                USBD_MSC_GetFSCfgDesc
 .text.USBD_MSC_GetOtherSpeedCfgDesc
                0x08002714        0xc Middlewares/ST/STM32_USB_Device_Library/Class/MSC/Src/usbd_msc.o
                0x08002714                USBD_MSC_GetOtherSpeedCfgDesc
 .text.USBD_MSC_GetDeviceQualifierDescriptor
                0x08002720        0xc Middlewares/ST/STM32_USB_Device_Library/Class/MSC/Src/usbd_msc.o
                0x08002720                USBD_MSC_GetDeviceQualifierDescriptor
 .text.USBD_MSC_Init
                0x0800272c       0x5c Middlewares/ST/STM32_USB_Device_Library/Class/MSC/Src/usbd_msc.o
                0x0800272c                USBD_MSC_Init
 .text.USBD_MSC_DeInit
                0x08002788       0x2c Middlewares/ST/STM32_USB_Device_Library/Class/MSC/Src/usbd_msc.o
                0x08002788                USBD_MSC_DeInit
 .text.USBD_MSC_Setup
                0x080027b4       0xfc Middlewares/ST/STM32_USB_Device_Library/Class/MSC/Src/usbd_msc.o
                0x080027b4                USBD_MSC_Setup
 .text.USBD_MSC_DataIn
                0x080028b0        0xc Middlewares/ST/STM32_USB_Device_Library/Class/MSC/Src/usbd_msc.o
                0x080028b0                USBD_MSC_DataIn
 .text.USBD_MSC_DataOut
                0x080028bc        0xc Middlewares/ST/STM32_USB_Device_Library/Class/MSC/Src/usbd_msc.o
                0x080028bc                USBD_MSC_DataOut
 .text.USBD_MSC_BufferFreed
                0x080028c8       0x24 Middlewares/ST/STM32_USB_Device_Library/Class/MSC/Src/usbd_msc.o
                0x080028c8                USBD_MSC_BufferFreed
 .text.USB_CoreReset
                0x080028ec       0x38 Drivers/STM32F4xx_HAL_Driver/Src/stm32f4xx_ll_usb.o
 .text.USB_CoreInit
                0x08002924       0x78 Drivers/STM32F4xx_HAL_Driver/Src/stm32f4xx_ll_usb.o
                0x08002924                USB_CoreInit
 .text.USB_EnableGlobalInt
                0x0800299c        0xc Drivers/STM32F4xx_HAL_Driver/Src/stm32f4xx_ll_usb.o
                0x0800299c                USB_EnableGlobalInt
 .text.USB_DisableGlobalInt
                0x080029a8        0xc Drivers/STM32F4xx_HAL_Driver/Src/stm32f4xx_ll_usb.o
                0x080029a8                USB_DisableGlobalInt
 .text.USB_SetCurrentMode
                0x080029b4       0x2c Drivers/STM32F4xx_HAL_Driver/Src/stm32f4xx_ll_usb.o
                0x080029b4                USB_SetCurrentMode
 .text.USB_FlushTxFifo
                0x080029e0       0x24 Drivers/STM32F4xx_HAL_Driver/Src/stm32f4xx_ll_usb.o
                0x080029e0                USB_FlushTxFifo
 .text.USB_FlushRxFifo
                0x08002a04       0x20 Drivers/STM32F4xx_HAL_Driver/Src/stm32f4xx_ll_usb.o
                0x08002a04                USB_FlushRxFifo
 .text.USB_SetDevSpeed
                0x08002a24       0x10 Drivers/STM32F4xx_HAL_Driver/Src/stm32f4xx_ll_usb.o
                0x08002a24                USB_SetDevSpeed
 .text.USB_DevInit
                0x08002a34      0x144 Drivers/STM32F4xx_HAL_Driver/Src/stm32f4xx_ll_usb.o
                0x08002a34                USB_DevInit
 .text.USB_GetDevSpeed
                0x08002b78       0x40 Drivers/STM32F4xx_HAL_Driver/Src/stm32f4xx_ll_usb.o
                0x08002b78                USB_GetDevSpeed
 .text.USB_ActivateEndpoint
                0x08002bb8       0x8c Drivers/STM32F4xx_HAL_Driver/Src/stm32f4xx_ll_usb.o
                0x08002bb8                USB_ActivateEndpoint
 .text.USB_DeactivateEndpoint
                0x08002c44       0x7c Drivers/STM32F4xx_HAL_Driver/Src/stm32f4xx_ll_usb.o
                0x08002c44                USB_DeactivateEndpoint
 .text.USB_EP0StartXfer
                0x08002cc0      0x158 Drivers/STM32F4xx_HAL_Driver/Src/stm32f4xx_ll_usb.o
                0x08002cc0                USB_EP0StartXfer
 .text.USB_WritePacket
                0x08002e18       0x28 Drivers/STM32F4xx_HAL_Driver/Src/stm32f4xx_ll_usb.o
                0x08002e18                USB_WritePacket
 .text.USB_EPStartXfer
                0x08002e40      0x258 Drivers/STM32F4xx_HAL_Driver/Src/stm32f4xx_ll_usb.o
                0x08002e40                USB_EPStartXfer
 .text.USB_ReadPacket
                0x08003098       0x2c Drivers/STM32F4xx_HAL_Driver/Src/stm32f4xx_ll_usb.o
                0x08003098                USB_ReadPacket
 .text.USB_EPSetStall
                0x080030c4       0x58 Drivers/STM32F4xx_HAL_Driver/Src/stm32f4xx_ll_usb.o
                0x080030c4                USB_EPSetStall
 .text.USB_EPClearStall
                0x0800311c       0x60 Drivers/STM32F4xx_HAL_Driver/Src/stm32f4xx_ll_usb.o
                0x0800311c                USB_EPClearStall
 .text.USB_StopDevice
                0x0800317c       0x44 Drivers/STM32F4xx_HAL_Driver/Src/stm32f4xx_ll_usb.o
                0x0800317c                USB_StopDevice
 .text.USB_SetDevAddress
                0x080031c0       0x20 Drivers/STM32F4xx_HAL_Driver/Src/stm32f4xx_ll_usb.o
                0x080031c0                USB_SetDevAddress
 .text.USB_DevConnect
                0x080031e0       0x18 Drivers/STM32F4xx_HAL_Driver/Src/stm32f4xx_ll_usb.o
                0x080031e0                USB_DevConnect
 .text.USB_DevDisconnect
                0x080031f8       0x18 Drivers/STM32F4xx_HAL_Driver/Src/stm32f4xx_ll_usb.o
                0x080031f8                USB_DevDisconnect
 .text.USB_ReadInterrupts
                0x08003210        0x8 Drivers/STM32F4xx_HAL_Driver/Src/stm32f4xx_ll_usb.o
                0x08003210                USB_ReadInterrupts
 .text.USB_ReadDevAllOutEpInterrupt
                0x08003218       0x10 Drivers/STM32F4xx_HAL_Driver/Src/stm32f4xx_ll_usb.o
                0x08003218                USB_ReadDevAllOutEpInterrupt
 .text.USB_ReadDevAllInEpInterrupt
                0x08003228       0x10 Drivers/STM32F4xx_HAL_Driver/Src/stm32f4xx_ll_usb.o
                0x08003228                USB_ReadDevAllInEpInterrupt
 .text.USB_ReadDevOutEPInterrupt
                0x08003238       0x14 Drivers/STM32F4xx_HAL_Driver/Src/stm32f4xx_ll_usb.o
                0x08003238                USB_ReadDevOutEPInterrupt
 .text.USB_ReadDevInEPInterrupt
                0x0800324c       0x24 Drivers/STM32F4xx_HAL_Driver/Src/stm32f4xx_ll_usb.o
                0x0800324c                USB_ReadDevInEPInterrupt
 .text.USB_GetMode
                0x08003270        0x8 Drivers/STM32F4xx_HAL_Driver/Src/stm32f4xx_ll_usb.o
                0x08003270                USB_GetMode
 .text.USB_ActivateSetup
                0x08003278       0x38 Drivers/STM32F4xx_HAL_Driver/Src/stm32f4xx_ll_usb.o
                0x08003278                USB_ActivateSetup
 .text.USB_EP0_OutStart
                0x080032b0       0x44 Drivers/STM32F4xx_HAL_Driver/Src/stm32f4xx_ll_usb.o
                0x080032b0                USB_EP0_OutStart
 .text.SPI_WaitOnFlagUntilTimeout
                0x080032f4       0xe4 Drivers/STM32F4xx_HAL_Driver/Src/stm32f4xx_hal_spi.o
 .text.HAL_SPI_Init
                0x080033d8       0x84 Drivers/STM32F4xx_HAL_Driver/Src/stm32f4xx_hal_spi.o
                0x080033d8                HAL_SPI_Init
 .text.HAL_SPI_TransmitReceive_IT
                0x0800345c       0xcc Drivers/STM32F4xx_HAL_Driver/Src/stm32f4xx_hal_spi.o
                0x0800345c                HAL_SPI_TransmitReceive_IT
 .text.HAL_SPI_TxCpltCallback
                0x08003528        0x4 Drivers/STM32F4xx_HAL_Driver/Src/stm32f4xx_hal_spi.o
                0x08003528                HAL_SPI_TxCpltCallback
 .text.HAL_SPI_RxCpltCallback
                0x0800352c        0x4 Drivers/STM32F4xx_HAL_Driver/Src/stm32f4xx_hal_spi.o
                0x0800352c                HAL_SPI_RxCpltCallback
 .text.SPI_TxCloseIRQHandler
                0x08003530       0x84 Drivers/STM32F4xx_HAL_Driver/Src/stm32f4xx_hal_spi.o
 .text.SPI_TxISR
                0x080035b4       0x44 Drivers/STM32F4xx_HAL_Driver/Src/stm32f4xx_hal_spi.o
 .text.SPI_RxCloseIRQHandler
                0x080035f8       0xe0 Drivers/STM32F4xx_HAL_Driver/Src/stm32f4xx_hal_spi.o
 .text.SPI_2LinesRxISR
                0x080036d8       0x34 Drivers/STM32F4xx_HAL_Driver/Src/stm32f4xx_hal_spi.o
 .text.HAL_SPI_IRQHandler
                0x0800370c       0xcc Drivers/STM32F4xx_HAL_Driver/Src/stm32f4xx_hal_spi.o
                0x0800370c                HAL_SPI_IRQHandler
 .text.HAL_RCC_OscConfig
                0x080037d8      0x310 Drivers/STM32F4xx_HAL_Driver/Src/stm32f4xx_hal_rcc.o
                0x080037d8                HAL_RCC_OscConfig
 .text.HAL_RCC_ClockConfig
                0x08003ae8      0x22c Drivers/STM32F4xx_HAL_Driver/Src/stm32f4xx_hal_rcc.o
                0x08003ae8                HAL_RCC_ClockConfig
 .text.HAL_RCC_GetSysClockFreq
                0x08003d14       0x98 Drivers/STM32F4xx_HAL_Driver/Src/stm32f4xx_hal_rcc.o
                0x08003d14                HAL_RCC_GetSysClockFreq
 .text.HAL_RCC_GetHCLKFreq
                0x08003dac       0x38 Drivers/STM32F4xx_HAL_Driver/Src/stm32f4xx_hal_rcc.o
                0x08003dac                HAL_RCC_GetHCLKFreq
 .text.HAL_PCDEx_SetTxFiFo
                0x08003de4       0x48 Drivers/STM32F4xx_HAL_Driver/Src/stm32f4xx_hal_pcd_ex.o
                0x08003de4                HAL_PCDEx_SetTxFiFo
 .text.HAL_PCDEx_SetRxFiFo
                0x08003e2c        0x8 Drivers/STM32F4xx_HAL_Driver/Src/stm32f4xx_hal_pcd_ex.o
                0x08003e2c                HAL_PCDEx_SetRxFiFo
 .text.PCD_WriteEmptyTxFifo
                0x08003e34       0xb0 Drivers/STM32F4xx_HAL_Driver/Src/stm32f4xx_hal_pcd.o
 .text.HAL_PCD_Init
                0x08003ee4       0xe0 Drivers/STM32F4xx_HAL_Driver/Src/stm32f4xx_hal_pcd.o
                0x08003ee4                HAL_PCD_Init
 .text.HAL_PCD_Start
                0x08003fc4       0x2c Drivers/STM32F4xx_HAL_Driver/Src/stm32f4xx_hal_pcd.o
                0x08003fc4                HAL_PCD_Start
 .text.HAL_PCD_Stop
                0x08003ff0       0x30 Drivers/STM32F4xx_HAL_Driver/Src/stm32f4xx_hal_pcd.o
                0x08003ff0                HAL_PCD_Stop
 .text.HAL_PCD_IRQHandler
                0x08004020      0x44c Drivers/STM32F4xx_HAL_Driver/Src/stm32f4xx_hal_pcd.o
                0x08004020                HAL_PCD_IRQHandler
 .text.HAL_PCD_SetAddress
                0x0800446c       0x24 Drivers/STM32F4xx_HAL_Driver/Src/stm32f4xx_hal_pcd.o
                0x0800446c                HAL_PCD_SetAddress
 .text.HAL_PCD_EP_Open
                0x08004490       0x68 Drivers/STM32F4xx_HAL_Driver/Src/stm32f4xx_hal_pcd.o
                0x08004490                HAL_PCD_EP_Open
 .text.HAL_PCD_EP_Close
                0x080044f8       0x58 Drivers/STM32F4xx_HAL_Driver/Src/stm32f4xx_hal_pcd.o
                0x080044f8                HAL_PCD_EP_Close
 .text.HAL_PCD_EP_Receive
                0x08004550       0x70 Drivers/STM32F4xx_HAL_Driver/Src/stm32f4xx_hal_pcd.o
                0x08004550                HAL_PCD_EP_Receive
 .text.HAL_PCD_EP_GetRxCount
                0x080045c0       0x14 Drivers/STM32F4xx_HAL_Driver/Src/stm32f4xx_hal_pcd.o
                0x080045c0                HAL_PCD_EP_GetRxCount
 .text.HAL_PCD_EP_Transmit
                0x080045d4       0x68 Drivers/STM32F4xx_HAL_Driver/Src/stm32f4xx_hal_pcd.o
                0x080045d4                HAL_PCD_EP_Transmit
 .text.HAL_PCD_EP_SetStall
                0x0800463c       0x64 Drivers/STM32F4xx_HAL_Driver/Src/stm32f4xx_hal_pcd.o
                0x0800463c                HAL_PCD_EP_SetStall
 .text.HAL_PCD_EP_ClrStall
                0x080046a0       0x58 Drivers/STM32F4xx_HAL_Driver/Src/stm32f4xx_hal_pcd.o
                0x080046a0                HAL_PCD_EP_ClrStall
 .text.HAL_PCD_EP_Flush
                0x080046f8       0x38 Drivers/STM32F4xx_HAL_Driver/Src/stm32f4xx_hal_pcd.o
                0x080046f8                HAL_PCD_EP_Flush
 .text.HAL_GPIO_Init
                0x08004730      0x1cc Drivers/STM32F4xx_HAL_Driver/Src/stm32f4xx_hal_gpio.o
                0x08004730                HAL_GPIO_Init
 .text.HAL_NVIC_SetPriorityGrouping
                0x080048fc       0x24 Drivers/STM32F4xx_HAL_Driver/Src/stm32f4xx_hal_cortex.o
                0x080048fc                HAL_NVIC_SetPriorityGrouping
 .text.HAL_NVIC_SetPriority
                0x08004920       0x64 Drivers/STM32F4xx_HAL_Driver/Src/stm32f4xx_hal_cortex.o
                0x08004920                HAL_NVIC_SetPriority
 .text.HAL_NVIC_EnableIRQ
                0x08004984       0x18 Drivers/STM32F4xx_HAL_Driver/Src/stm32f4xx_hal_cortex.o
                0x08004984                HAL_NVIC_EnableIRQ
 .text.HAL_SYSTICK_Config
                0x0800499c       0x20 Drivers/STM32F4xx_HAL_Driver/Src/stm32f4xx_hal_cortex.o
                0x0800499c                HAL_SYSTICK_Config
 .text.HAL_SYSTICK_CLKSourceConfig
                0x080049bc       0x20 Drivers/STM32F4xx_HAL_Driver/Src/stm32f4xx_hal_cortex.o
                0x080049bc                HAL_SYSTICK_CLKSourceConfig
 .text.HAL_InitTick
                0x080049dc       0x1c Drivers/STM32F4xx_HAL_Driver/Src/stm32f4xx_hal.o
                0x080049dc                HAL_InitTick
 .text.HAL_Init
                0x080049f8       0x34 Drivers/STM32F4xx_HAL_Driver/Src/stm32f4xx_hal.o
                0x080049f8                HAL_Init
 .text.HAL_IncTick
                0x08004a2c       0x10 Drivers/STM32F4xx_HAL_Driver/Src/stm32f4xx_hal.o
                0x08004a2c                HAL_IncTick
 .text.HAL_GetTick
                0x08004a3c        0xc Drivers/STM32F4xx_HAL_Driver/Src/stm32f4xx_hal.o
                0x08004a3c                HAL_GetTick
 .text.HAL_Delay
                0x08004a48       0x1c Drivers/STM32F4xx_HAL_Driver/Src/stm32f4xx_hal.o
                0x08004a48                HAL_Delay
 .text.SystemInit
                0x08004a64       0x40 Drivers/CMSIS/Device/ST/STM32F4xx/Source/Templates/system_stm32f4xx.o
                0x08004a64                SystemInit
 .text.Reset_Handler
                0x08004aa4       0x4c Drivers/CMSIS/Device/ST/STM32F4xx/Source/Templates/gcc/startup_stm32f405xx.o
                0x08004aa4                Reset_Handler
 .text.Default_Handler
                0x08004af0        0x2 Drivers/CMSIS/Device/ST/STM32F4xx/Source/Templates/gcc/startup_stm32f405xx.o
                0x08004af0                RTC_Alarm_IRQHandler
                0x08004af0                HASH_RNG_IRQHandler
                0x08004af0                EXTI2_IRQHandler
                0x08004af0                TIM8_CC_IRQHandler
                0x08004af0                DebugMon_Handler
                0x08004af0                TIM1_CC_IRQHandler
                0x08004af0                DMA2_Stream5_IRQHandler
                0x08004af0                HardFault_Handler
                0x08004af0                DMA1_Stream5_IRQHandler
                0x08004af0                PVD_IRQHandler
                0x08004af0                SDIO_IRQHandler
                0x08004af0                TAMP_STAMP_IRQHandler
                0x08004af0                PendSV_Handler
                0x08004af0                NMI_Handler
                0x08004af0                CAN2_RX1_IRQHandler
                0x08004af0                TIM8_TRG_COM_TIM14_IRQHandler
                0x08004af0                TIM1_UP_TIM10_IRQHandler
                0x08004af0                TIM8_UP_TIM13_IRQHandler
                0x08004af0                I2C3_ER_IRQHandler
                0x08004af0                EXTI0_IRQHandler
                0x08004af0                I2C2_EV_IRQHandler
                0x08004af0                DMA1_Stream2_IRQHandler
                0x08004af0                CAN1_RX0_IRQHandler
                0x08004af0                FPU_IRQHandler
                0x08004af0                OTG_HS_WKUP_IRQHandler
                0x08004af0                UsageFault_Handler
                0x08004af0                CAN2_SCE_IRQHandler
                0x08004af0                DMA2_Stream2_IRQHandler
                0x08004af0                TIM6_DAC_IRQHandler
                0x08004af0                TIM1_BRK_TIM9_IRQHandler
                0x08004af0                CAN2_RX0_IRQHandler
                0x08004af0                DMA2_Stream3_IRQHandler
                0x08004af0                USART6_IRQHandler
                0x08004af0                USART3_IRQHandler
                0x08004af0                CAN1_RX1_IRQHandler
                0x08004af0                UART5_IRQHandler
                0x08004af0                DMA2_Stream0_IRQHandler
                0x08004af0                TIM4_IRQHandler
                0x08004af0                I2C1_EV_IRQHandler
                0x08004af0                DMA1_Stream6_IRQHandler
                0x08004af0                DMA1_Stream1_IRQHandler
                0x08004af0                UART4_IRQHandler
                0x08004af0                TIM3_IRQHandler
                0x08004af0                RCC_IRQHandler
                0x08004af0                TIM8_BRK_TIM12_IRQHandler
                0x08004af0                Default_Handler
                0x08004af0                EXTI15_10_IRQHandler
                0x08004af0                ADC_IRQHandler
                0x08004af0                DMA1_Stream7_IRQHandler
                0x08004af0                TIM7_IRQHandler
                0x08004af0                CAN2_TX_IRQHandler
                0x08004af0                TIM5_IRQHandler
                0x08004af0                DMA2_Stream7_IRQHandler
                0x08004af0                I2C3_EV_IRQHandler
                0x08004af0                EXTI9_5_IRQHandler
                0x08004af0                RTC_WKUP_IRQHandler
                0x08004af0                SPI2_IRQHandler
                0x08004af0                OTG_HS_EP1_IN_IRQHandler
                0x08004af0                MemManage_Handler
                0x08004af0                DMA1_Stream0_IRQHandler
                0x08004af0                CAN1_TX_IRQHandler
                0x08004af0                SVC_Handler
                0x08004af0                EXTI4_IRQHandler
                0x08004af0                FSMC_IRQHandler
                0x08004af0                OTG_HS_EP1_OUT_IRQHandler
                0x08004af0                WWDG_IRQHandler
                0x08004af0                TIM2_IRQHandler
                0x08004af0                OTG_FS_WKUP_IRQHandler
                0x08004af0                TIM1_TRG_COM_TIM11_IRQHandler
                0x08004af0                OTG_HS_IRQHandler
                0x08004af0                EXTI1_IRQHandler
                0x08004af0                USART2_IRQHandler
                0x08004af0                I2C2_ER_IRQHandler
                0x08004af0                DMA2_Stream1_IRQHandler
                0x08004af0                CAN1_SCE_IRQHandler
                0x08004af0                FLASH_IRQHandler
                0x08004af0                DMA2_Stream4_IRQHandler
                0x08004af0                BusFault_Handler
                0x08004af0                USART1_IRQHandler
                0x08004af0                SPI3_IRQHandler
                0x08004af0                DMA1_Stream4_IRQHandler
                0x08004af0                I2C1_ER_IRQHandler
                0x08004af0                DMA2_Stream6_IRQHandler
                0x08004af0                DMA1_Stream3_IRQHandler
 *fill*         0x08004af2        0x2 
 .text.malloc   0x08004af4       0x10 /usr/local/gcc-arm-none-eabi-4_9-2014q4/bin/../lib/gcc/arm-none-eabi/4.9.3/../../../../arm-none-eabi/lib/armv7-m/libg_nano.a(lib_a-malloc.o)
                0x08004af4                malloc
 .text.free     0x08004b04       0x10 /usr/local/gcc-arm-none-eabi-4_9-2014q4/bin/../lib/gcc/arm-none-eabi/4.9.3/../../../../arm-none-eabi/lib/armv7-m/libg_nano.a(lib_a-malloc.o)
                0x08004b04                free
 .text._free_r  0x08004b14       0x88 /usr/local/gcc-arm-none-eabi-4_9-2014q4/bin/../lib/gcc/arm-none-eabi/4.9.3/../../../../arm-none-eabi/lib/armv7-m/libg_nano.a(lib_a-nano-freer.o)
                0x08004b14                _free_r
 .text._malloc_r
                0x08004b9c       0xac /usr/local/gcc-arm-none-eabi-4_9-2014q4/bin/../lib/gcc/arm-none-eabi/4.9.3/../../../../arm-none-eabi/lib/armv7-m/libg_nano.a(lib_a-nano-mallocr.o)
                0x08004b9c                _malloc_r
 .text._sbrk_r  0x08004c48       0x20 /usr/local/gcc-arm-none-eabi-4_9-2014q4/bin/../lib/gcc/arm-none-eabi/4.9.3/../../../../arm-none-eabi/lib/armv7-m/libg_nano.a(lib_a-sbrkr.o)
                0x08004c48                _sbrk_r
 .text._sbrk    0x08004c68       0x1c /usr/local/gcc-arm-none-eabi-4_9-2014q4/bin/../lib/gcc/arm-none-eabi/4.9.3/../../../../arm-none-eabi/lib/armv7-m/libnosys.a(sbrk.o)
                0x08004c68                _sbrk
 *(.init)
 *(.fini)
 *(.rodata*)
 .rodata.str1.4
                0x08004c84       0x54 Src/usbd_descriptors.o
 .rodata.STORAGE_Inquirydata_FS
                0x08004cd8       0x24 Src/usbd_descriptors.o
                0x08004cd8                STORAGE_Inquirydata_FS
 .rodata.MSC_Page00_Inquiry_Data
                0x08004cfc        0x8 Middlewares/ST/STM32_USB_Device_Library/Class/MSC/Src/usbd_msc_data.o
                0x08004cfc                MSC_Page00_Inquiry_Data
 .rodata.MSC_Mode_Sense10_data
                0x08004d04        0x8 Middlewares/ST/STM32_USB_Device_Library/Class/MSC/Src/usbd_msc_data.o
                0x08004d04                MSC_Mode_Sense10_data
 .rodata.MSC_Mode_Sense6_data
                0x08004d0c        0x8 Middlewares/ST/STM32_USB_Device_Library/Class/MSC/Src/usbd_msc_data.o
                0x08004d0c                MSC_Mode_Sense6_data
 .rodata.APBAHBPrescTable
                0x08004d14       0x10 Drivers/STM32F4xx_HAL_Driver/Src/stm32f4xx_hal_rcc.o
                0x08004d14                APBAHBPrescTable
 .rodata.str1.1
                0x08004d24        0x2 /usr/local/gcc-arm-none-eabi-4_9-2014q4/bin/../lib/gcc/arm-none-eabi/4.9.3/../../../../arm-none-eabi/lib/armv7-m/libg_nano.a(lib_a-impure.o)
 *(.eh_frame*)
                0x08004d26                __etext = .

.glue_7         0x08004d28        0x0
 .glue_7        0x00000000        0x0 linker stubs

.glue_7t        0x08004d28        0x0
 .glue_7t       0x00000000        0x0 linker stubs

.vfp11_veneer   0x08004d28        0x0
 .vfp11_veneer  0x00000000        0x0 linker stubs

.v4_bx          0x08004d28        0x0
 .v4_bx         0x00000000        0x0 linker stubs

.iplt           0x08004d28        0x0
 .iplt          0x00000000        0x0 Src/usbd_descriptors.o

.rel.dyn        0x08004d28        0x0
 .rel.iplt      0x00000000        0x0 Src/usbd_descriptors.o

.data           0x20000000      0x144 load address 0x08004d26
                0x20000000                __data_start__ = .
 *(vtable)
 *(.data*)
 .data.FS_Desc  0x20000000       0x1c Src/usbd_descriptors.o
                0x20000000                FS_Desc
 .data.USBD_LangIDDesc
                0x2000001c        0x4 Src/usbd_descriptors.o
                0x2000001c                USBD_LangIDDesc
 .data.USBD_FS_DeviceDesc
                0x20000020       0x14 Src/usbd_descriptors.o
                0x20000020                USBD_FS_DeviceDesc
 .data.USBD_MSC_OtherSpeedCfgDesc
                0x20000034       0x20 Middlewares/ST/STM32_USB_Device_Library/Class/MSC/Src/usbd_msc.o
                0x20000034                USBD_MSC_OtherSpeedCfgDesc
 .data.USBD_MSC_DeviceQualifierDesc
                0x20000054        0xc Middlewares/ST/STM32_USB_Device_Library/Class/MSC/Src/usbd_msc.o
                0x20000054                USBD_MSC_DeviceQualifierDesc
 .data.USBD_MSC_CfgHSDesc
                0x20000060       0x20 Middlewares/ST/STM32_USB_Device_Library/Class/MSC/Src/usbd_msc.o
                0x20000060                USBD_MSC_CfgHSDesc
 .data.USBD_MSC
                0x20000080       0x3c Middlewares/ST/STM32_USB_Device_Library/Class/MSC/Src/usbd_msc.o
                0x20000080                USBD_MSC
 .data.USBD_MSC_CfgFSDesc
                0x200000bc       0x20 Middlewares/ST/STM32_USB_Device_Library/Class/MSC/Src/usbd_msc.o
                0x200000bc                USBD_MSC_CfgFSDesc
 .data.SystemCoreClock
                0x200000dc        0x4 Drivers/CMSIS/Device/ST/STM32F4xx/Source/Templates/system_stm32f4xx.o
                0x200000dc                SystemCoreClock
 .data.impure_data
                0x200000e0       0x60 /usr/local/gcc-arm-none-eabi-4_9-2014q4/bin/../lib/gcc/arm-none-eabi/4.9.3/../../../../arm-none-eabi/lib/armv7-m/libg_nano.a(lib_a-impure.o)
 .data._impure_ptr
                0x20000140        0x4 /usr/local/gcc-arm-none-eabi-4_9-2014q4/bin/../lib/gcc/arm-none-eabi/4.9.3/../../../../arm-none-eabi/lib/armv7-m/libg_nano.a(lib_a-impure.o)
                0x20000140                _impure_ptr
                0x20000144                __data_end__ = .

.igot.plt       0x20000144        0x0 load address 0x08004e6c
 .igot.plt      0x00000000        0x0 Src/usbd_descriptors.o

.bss            0x20000148      0xcc8 load address 0x08004e70
                0x20000148                . = ALIGN (0x4)
                0x20000148                __bss_start__ = .
 *(.bss*)
 .bss.UpstreamState
                0x20000148        0x1 Src/upstream_statemachine.o
                0x20000148                UpstreamState
 .bss.ConfiguredDeviceClass
                0x20000149        0x1 Src/upstream_statemachine.o
                0x20000149                ConfiguredDeviceClass
 .bss.UpstreamInterfaceState
                0x2000014a        0x1 Src/upstream_spi.o
                0x2000014a                UpstreamInterfaceState
 *fill*         0x2000014b        0x1 
 .bss.PendingFreePacketCallback
                0x2000014c        0x4 Src/upstream_spi.o
                0x2000014c                PendingFreePacketCallback
 .bss.NextTxPacket
                0x20000150        0x4 Src/upstream_spi.o
                0x20000150                NextTxPacket
 .bss.SpiInterruptCompleted
                0x20000154        0x1 Src/upstream_spi.o
                0x20000154                SpiInterruptCompleted
 .bss.TxOkInterruptReceived
                0x20000155        0x1 Src/upstream_spi.o
                0x20000155                TxOkInterruptReceived
 *fill*         0x20000156        0x2 
 .bss.ReceivePacketCallback
                0x20000158        0x4 Src/upstream_spi.o
                0x20000158                ReceivePacketCallback
 .bss.FaultLedState
                0x2000015c        0x1 Src/led.o
                0x2000015c                FaultLedState
 *fill*         0x2000015d        0x1 
 .bss.FaultLedBlinkRate
                0x2000015e        0x2 Src/led.o
                0x2000015e                FaultLedBlinkRate
 .bss.FaultLedBlinkCounter
                0x20000160        0x2 Src/led.o
                0x20000160                FaultLedBlinkCounter
 .bss.cfgidx.8046
                0x20000162        0x1 Middlewares/ST/STM32_USB_Device_Library/Core/Src/usbd_ctlreq.o
 *fill*         0x20000163        0x1 
 .bss.uwTick    0x20000164        0x4 Drivers/STM32F4xx_HAL_Driver/Src/stm32f4xx_hal.o
 .bss.__malloc_sbrk_start
                0x20000168        0x4 /usr/local/gcc-arm-none-eabi-4_9-2014q4/bin/../lib/gcc/arm-none-eabi/4.9.3/../../../../arm-none-eabi/lib/armv7-m/libg_nano.a(lib_a-nano-mallocr.o)
                0x20000168                __malloc_sbrk_start
 .bss.__malloc_free_list
                0x2000016c        0x4 /usr/local/gcc-arm-none-eabi-4_9-2014q4/bin/../lib/gcc/arm-none-eabi/4.9.3/../../../../arm-none-eabi/lib/armv7-m/libg_nano.a(lib_a-nano-mallocr.o)
                0x2000016c                __malloc_free_list
 .bss.heap_end.4079
                0x20000170        0x4 /usr/local/gcc-arm-none-eabi-4_9-2014q4/bin/../lib/gcc/arm-none-eabi/4.9.3/../../../../arm-none-eabi/lib/armv7-m/libnosys.a(sbrk.o)
 *(COMMON)
 COMMON         0x20000174      0x200 Src/usbd_descriptors.o
                0x20000174                USBD_StrDesc
 COMMON         0x20000374      0x3b4 Src/usbd_config.o
                0x20000374                hpcd_USB_OTG_FS
 COMMON         0x20000728      0x224 Src/usb_device.o
                0x20000728                hUsbDeviceFS
 COMMON         0x2000094c      0x478 Src/upstream_spi.o
                0x2000094c                TemporaryIncomingPacketLength
                0x20000950                SentCommand
                0x20000954                UpstreamPacket1
                0x20000b5c                CurrentWorkingPacket
                0x20000b60                UpstreamPacket0
                0x20000d68                SentCommandClass
                0x20000d6c                Hspi1
 *fill*         0x20000dc4        0x4 
 COMMON         0x20000dc8       0x28 Src/upstream_msc.o
                0x20000dc8                ReadStreamPacket
                0x20000dd0                BlockStart
                0x20000dd8                ReadStreamBusy
                0x20000ddc                GetCapacityCallback
                0x20000de0                BlockCount
                0x20000de4                TestReadyCallback
                0x20000de8                GetStreamDataCallback
                0x20000dec                ByteCount
 COMMON         0x20000df0       0x14 Middlewares/ST/STM32_USB_Device_Library/Class/MSC/Src/usbd_msc_scsi.o
                0x20000df0                SCSI_ProcessCmd_hmsc
                0x20000df4                SCSI_ProcessCmd_params
                0x20000df8                SCSI_ProcessCmd_lun
                0x20000dfc                SCSI_ProcessCmd_callback
                0x20000e00                SCSI_ProcessCmd_pdev
 COMMON         0x20000e04        0x8 Middlewares/ST/STM32_USB_Device_Library/Class/MSC/Src/usbd_msc_bot.o
                0x20000e04                MSC_BOT_pdev
                0x20000e08                MSC_BOT_hmsc
 COMMON         0x20000e0c        0x4 /usr/local/gcc-arm-none-eabi-4_9-2014q4/bin/../lib/gcc/arm-none-eabi/4.9.3/../../../../arm-none-eabi/lib/armv7-m/libg_nano.a(lib_a-reent.o)
                0x20000e0c                errno
                0x20000e10                . = ALIGN (0x4)
                0x20000e10                __bss_end__ = .

.heap           0x20000e10        0x0
                0x20000e10                __HeapBase = .
                0x20000e10                __end__ = .
                0x20000e10                end = __end__
 *(.heap*)
                0x20000e10                __HeapLimit = .

.stack_dummy    0x20000e10        0x0
 *(.stack*)
                0x2001c000                __StackTop = (ORIGIN (SRAM1) + 0x1c000)
                0x2001c000                __StackLimit = (__StackTop - SIZEOF (.stack_dummy))
                0x2001c000                PROVIDE (__stack, __StackTop)
                0x00000001                ASSERT ((__StackLimit >= __HeapLimit), region RAM overflowed with stack)

.sram2          0x2001c000        0x0
                0x2001c000                . = ALIGN (0x4)
 *(.sram2)
 *(.sram2*)
                0x2001c000                . = ALIGN (0x4)
                0x10000000                _siccmram = LOADADDR (.ccmram)

.ccmram         0x10000000        0x0
                0x10000000                . = ALIGN (0x4)
                0x10000000                _sccmram = .
 *(.ccmram)
 *(.ccmram*)
                0x10000000                . = ALIGN (0x4)
                0x10000000                _eccmram = .
OUTPUT(Upstream.elf elf32-littlearm)

.debug_info     0x00000000    0x1301f
 .debug_info    0x00000000      0x47e Src/usbd_descriptors.o
 .debug_info    0x0000047e     0x18b0 Src/usbd_config.o
 .debug_info    0x00001d2e      0x546 Src/usb_device.o
 .debug_info    0x00002274      0x9f7 Src/upstream_statemachine.o
 .debug_info    0x00002c6b      0xee6 Src/upstream_spi.o
 .debug_info    0x00003b51      0x8df Src/upstream_msc.o
 .debug_info    0x00004430      0x729 Src/main.o
 .debug_info    0x00004b59      0x220 Src/led.o
 .debug_info    0x00004d79      0xac8 Src/interrupts.o
 .debug_info    0x00005841      0xbd9 Src/hal_msp.o
 .debug_info    0x0000641a      0x7a2 Middlewares/ST/STM32_USB_Device_Library/Core/Src/usbd_ioreq.o
 .debug_info    0x00006bbc      0xe6c Middlewares/ST/STM32_USB_Device_Library/Core/Src/usbd_ctlreq.o
 .debug_info    0x00007a28      0xd51 Middlewares/ST/STM32_USB_Device_Library/Core/Src/usbd_core.o
 .debug_info    0x00008779     0x147e Middlewares/ST/STM32_USB_Device_Library/Class/MSC/Src/usbd_msc_scsi.o
 .debug_info    0x00009bf7      0x11c Middlewares/ST/STM32_USB_Device_Library/Class/MSC/Src/usbd_msc_data.o
 .debug_info    0x00009d13      0xe0c Middlewares/ST/STM32_USB_Device_Library/Class/MSC/Src/usbd_msc_bot.o
 .debug_info    0x0000ab1f      0xdf8 Middlewares/ST/STM32_USB_Device_Library/Class/MSC/Src/usbd_msc.o
 .debug_info    0x0000b917     0x1688 Drivers/STM32F4xx_HAL_Driver/Src/stm32f4xx_ll_usb.o
 .debug_info    0x0000cf9f     0x1654 Drivers/STM32F4xx_HAL_Driver/Src/stm32f4xx_hal_spi.o
 .debug_info    0x0000e5f3      0xf4e Drivers/STM32F4xx_HAL_Driver/Src/stm32f4xx_hal_rcc.o
 .debug_info    0x0000f541      0x54e Drivers/STM32F4xx_HAL_Driver/Src/stm32f4xx_hal_pcd_ex.o
 .debug_info    0x0000fa8f     0x158c Drivers/STM32F4xx_HAL_Driver/Src/stm32f4xx_hal_pcd.o
 .debug_info    0x0001101b      0x6d1 Drivers/STM32F4xx_HAL_Driver/Src/stm32f4xx_hal_gpio.o
 .debug_info    0x000116ec      0xca8 Drivers/STM32F4xx_HAL_Driver/Src/stm32f4xx_hal_cortex.o
 .debug_info    0x00012394      0x747 Drivers/STM32F4xx_HAL_Driver/Src/stm32f4xx_hal.o
 .debug_info    0x00012adb      0x4a7 Drivers/CMSIS/Device/ST/STM32F4xx/Source/Templates/system_stm32f4xx.o
 .debug_info    0x00012f82       0x9d Drivers/CMSIS/Device/ST/STM32F4xx/Source/Templates/gcc/startup_stm32f405xx.o

.debug_abbrev   0x00000000     0x33b9
 .debug_abbrev  0x00000000      0x15f Src/usbd_descriptors.o
 .debug_abbrev  0x0000015f      0x27e Src/usbd_config.o
 .debug_abbrev  0x000003dd      0x15c Src/usb_device.o
 .debug_abbrev  0x00000539      0x233 Src/upstream_statemachine.o
 .debug_abbrev  0x0000076c      0x2f7 Src/upstream_spi.o
 .debug_abbrev  0x00000a63      0x1fa Src/upstream_msc.o
 .debug_abbrev  0x00000c5d      0x1c5 Src/main.o
 .debug_abbrev  0x00000e22      0x11d Src/led.o
 .debug_abbrev  0x00000f3f      0x1b1 Src/interrupts.o
 .debug_abbrev  0x000010f0      0x18c Src/hal_msp.o
 .debug_abbrev  0x0000127c      0x16d Middlewares/ST/STM32_USB_Device_Library/Core/Src/usbd_ioreq.o
 .debug_abbrev  0x000013e9      0x281 Middlewares/ST/STM32_USB_Device_Library/Core/Src/usbd_ctlreq.o
 .debug_abbrev  0x0000166a      0x217 Middlewares/ST/STM32_USB_Device_Library/Core/Src/usbd_core.o
 .debug_abbrev  0x00001881      0x2cb Middlewares/ST/STM32_USB_Device_Library/Class/MSC/Src/usbd_msc_scsi.o
 .debug_abbrev  0x00001b4c       0x78 Middlewares/ST/STM32_USB_Device_Library/Class/MSC/Src/usbd_msc_data.o
 .debug_abbrev  0x00001bc4      0x291 Middlewares/ST/STM32_USB_Device_Library/Class/MSC/Src/usbd_msc_bot.o
 .debug_abbrev  0x00001e55      0x213 Middlewares/ST/STM32_USB_Device_Library/Class/MSC/Src/usbd_msc.o
 .debug_abbrev  0x00002068      0x247 Drivers/STM32F4xx_HAL_Driver/Src/stm32f4xx_ll_usb.o
 .debug_abbrev  0x000022af      0x261 Drivers/STM32F4xx_HAL_Driver/Src/stm32f4xx_hal_spi.o
 .debug_abbrev  0x00002510      0x2ae Drivers/STM32F4xx_HAL_Driver/Src/stm32f4xx_hal_rcc.o
 .debug_abbrev  0x000027be      0x170 Drivers/STM32F4xx_HAL_Driver/Src/stm32f4xx_hal_pcd_ex.o
 .debug_abbrev  0x0000292e      0x2b2 Drivers/STM32F4xx_HAL_Driver/Src/stm32f4xx_hal_pcd.o
 .debug_abbrev  0x00002be0      0x1c2 Drivers/STM32F4xx_HAL_Driver/Src/stm32f4xx_hal_gpio.o
 .debug_abbrev  0x00002da2      0x2aa Drivers/STM32F4xx_HAL_Driver/Src/stm32f4xx_hal_cortex.o
 .debug_abbrev  0x0000304c      0x257 Drivers/STM32F4xx_HAL_Driver/Src/stm32f4xx_hal.o
 .debug_abbrev  0x000032a3      0x104 Drivers/CMSIS/Device/ST/STM32F4xx/Source/Templates/system_stm32f4xx.o
 .debug_abbrev  0x000033a7       0x12 Drivers/CMSIS/Device/ST/STM32F4xx/Source/Templates/gcc/startup_stm32f405xx.o

.debug_loc      0x00000000     0x78fb
 .debug_loc     0x00000000      0x1c3 Src/usbd_descriptors.o
 .debug_loc     0x000001c3      0x6a7 Src/usbd_config.o
 .debug_loc     0x0000086a      0x20c Src/upstream_statemachine.o
 .debug_loc     0x00000a76      0x30f Src/upstream_spi.o
 .debug_loc     0x00000d85      0x3b9 Src/upstream_msc.o
 .debug_loc     0x0000113e       0x4d Src/hal_msp.o
 .debug_loc     0x0000118b      0x204 Middlewares/ST/STM32_USB_Device_Library/Core/Src/usbd_ioreq.o
 .debug_loc     0x0000138f      0xb33 Middlewares/ST/STM32_USB_Device_Library/Core/Src/usbd_ctlreq.o
 .debug_loc     0x00001ec2      0x60f Middlewares/ST/STM32_USB_Device_Library/Core/Src/usbd_core.o
 .debug_loc     0x000024d1      0xb1c Middlewares/ST/STM32_USB_Device_Library/Class/MSC/Src/usbd_msc_scsi.o
 .debug_loc     0x00002fed      0x41d Middlewares/ST/STM32_USB_Device_Library/Class/MSC/Src/usbd_msc_bot.o
 .debug_loc     0x0000340a      0x382 Middlewares/ST/STM32_USB_Device_Library/Class/MSC/Src/usbd_msc.o
 .debug_loc     0x0000378c     0x1363 Drivers/STM32F4xx_HAL_Driver/Src/stm32f4xx_ll_usb.o
 .debug_loc     0x00004aef     0x1040 Drivers/STM32F4xx_HAL_Driver/Src/stm32f4xx_hal_spi.o
 .debug_loc     0x00005b2f      0x853 Drivers/STM32F4xx_HAL_Driver/Src/stm32f4xx_hal_rcc.o
 .debug_loc     0x00006382       0xd0 Drivers/STM32F4xx_HAL_Driver/Src/stm32f4xx_hal_pcd_ex.o
 .debug_loc     0x00006452      0xaab Drivers/STM32F4xx_HAL_Driver/Src/stm32f4xx_hal_pcd.o
 .debug_loc     0x00006efd      0x368 Drivers/STM32F4xx_HAL_Driver/Src/stm32f4xx_hal_gpio.o
 .debug_loc     0x00007265      0x4b4 Drivers/STM32F4xx_HAL_Driver/Src/stm32f4xx_hal_cortex.o
 .debug_loc     0x00007719       0xab Drivers/STM32F4xx_HAL_Driver/Src/stm32f4xx_hal.o
 .debug_loc     0x000077c4      0x137 Drivers/CMSIS/Device/ST/STM32F4xx/Source/Templates/system_stm32f4xx.o

.debug_aranges  0x00000000      0xd90
 .debug_aranges
                0x00000000       0x50 Src/usbd_descriptors.o
 .debug_aranges
                0x00000050      0x100 Src/usbd_config.o
 .debug_aranges
                0x00000150       0x20 Src/usb_device.o
 .debug_aranges
                0x00000170       0x50 Src/upstream_statemachine.o
 .debug_aranges
                0x000001c0       0x98 Src/upstream_spi.o
 .debug_aranges
                0x00000258       0x78 Src/upstream_msc.o
 .debug_aranges
                0x000002d0       0x30 Src/main.o
 .debug_aranges
                0x00000300       0x30 Src/led.o
 .debug_aranges
                0x00000330       0x38 Src/interrupts.o
 .debug_aranges
                0x00000368       0x30 Src/hal_msp.o
 .debug_aranges
                0x00000398       0x50 Middlewares/ST/STM32_USB_Device_Library/Core/Src/usbd_ioreq.o
 .debug_aranges
                0x000003e8       0x88 Middlewares/ST/STM32_USB_Device_Library/Core/Src/usbd_ctlreq.o
 .debug_aranges
                0x00000470       0xc0 Middlewares/ST/STM32_USB_Device_Library/Core/Src/usbd_core.o
 .debug_aranges
                0x00000530       0xc0 Middlewares/ST/STM32_USB_Device_Library/Class/MSC/Src/usbd_msc_scsi.o
 .debug_aranges
                0x000005f0       0x18 Middlewares/ST/STM32_USB_Device_Library/Class/MSC/Src/usbd_msc_data.o
 .debug_aranges
                0x00000608       0x80 Middlewares/ST/STM32_USB_Device_Library/Class/MSC/Src/usbd_msc_bot.o
 .debug_aranges
                0x00000688       0x68 Middlewares/ST/STM32_USB_Device_Library/Class/MSC/Src/usbd_msc.o
 .debug_aranges
                0x000006f0      0x180 Drivers/STM32F4xx_HAL_Driver/Src/stm32f4xx_ll_usb.o
 .debug_aranges
                0x00000870      0x158 Drivers/STM32F4xx_HAL_Driver/Src/stm32f4xx_hal_spi.o
 .debug_aranges
                0x000009c8       0x88 Drivers/STM32F4xx_HAL_Driver/Src/stm32f4xx_hal_rcc.o
 .debug_aranges
                0x00000a50       0x28 Drivers/STM32F4xx_HAL_Driver/Src/stm32f4xx_hal_pcd_ex.o
 .debug_aranges
                0x00000a78      0x120 Drivers/STM32F4xx_HAL_Driver/Src/stm32f4xx_hal_pcd.o
 .debug_aranges
                0x00000b98       0x58 Drivers/STM32F4xx_HAL_Driver/Src/stm32f4xx_hal_gpio.o
 .debug_aranges
                0x00000bf0       0x90 Drivers/STM32F4xx_HAL_Driver/Src/stm32f4xx_hal_cortex.o
 .debug_aranges
                0x00000c80       0xc0 Drivers/STM32F4xx_HAL_Driver/Src/stm32f4xx_hal.o
 .debug_aranges
                0x00000d40       0x28 Drivers/CMSIS/Device/ST/STM32F4xx/Source/Templates/system_stm32f4xx.o
 .debug_aranges
                0x00000d68       0x28 Drivers/CMSIS/Device/ST/STM32F4xx/Source/Templates/gcc/startup_stm32f405xx.o

.debug_ranges   0x00000000      0xbe0
 .debug_ranges  0x00000000       0x40 Src/usbd_descriptors.o
 .debug_ranges  0x00000040       0xf0 Src/usbd_config.o
 .debug_ranges  0x00000130       0x10 Src/usb_device.o
 .debug_ranges  0x00000140       0x40 Src/upstream_statemachine.o
 .debug_ranges  0x00000180       0x88 Src/upstream_spi.o
 .debug_ranges  0x00000208       0x68 Src/upstream_msc.o
 .debug_ranges  0x00000270       0x20 Src/main.o
 .debug_ranges  0x00000290       0x20 Src/led.o
 .debug_ranges  0x000002b0       0x28 Src/interrupts.o
 .debug_ranges  0x000002d8       0x20 Src/hal_msp.o
 .debug_ranges  0x000002f8       0x40 Middlewares/ST/STM32_USB_Device_Library/Core/Src/usbd_ioreq.o
 .debug_ranges  0x00000338       0x78 Middlewares/ST/STM32_USB_Device_Library/Core/Src/usbd_ctlreq.o
 .debug_ranges  0x000003b0       0xb0 Middlewares/ST/STM32_USB_Device_Library/Core/Src/usbd_core.o
 .debug_ranges  0x00000460       0xb0 Middlewares/ST/STM32_USB_Device_Library/Class/MSC/Src/usbd_msc_scsi.o
 .debug_ranges  0x00000510       0x70 Middlewares/ST/STM32_USB_Device_Library/Class/MSC/Src/usbd_msc_bot.o
 .debug_ranges  0x00000580       0x58 Middlewares/ST/STM32_USB_Device_Library/Class/MSC/Src/usbd_msc.o
 .debug_ranges  0x000005d8      0x170 Drivers/STM32F4xx_HAL_Driver/Src/stm32f4xx_ll_usb.o
 .debug_ranges  0x00000748      0x148 Drivers/STM32F4xx_HAL_Driver/Src/stm32f4xx_hal_spi.o
 .debug_ranges  0x00000890       0x78 Drivers/STM32F4xx_HAL_Driver/Src/stm32f4xx_hal_rcc.o
 .debug_ranges  0x00000908       0x18 Drivers/STM32F4xx_HAL_Driver/Src/stm32f4xx_hal_pcd_ex.o
 .debug_ranges  0x00000920      0x110 Drivers/STM32F4xx_HAL_Driver/Src/stm32f4xx_hal_pcd.o
 .debug_ranges  0x00000a30       0x48 Drivers/STM32F4xx_HAL_Driver/Src/stm32f4xx_hal_gpio.o
 .debug_ranges  0x00000a78       0x80 Drivers/STM32F4xx_HAL_Driver/Src/stm32f4xx_hal_cortex.o
 .debug_ranges  0x00000af8       0xb0 Drivers/STM32F4xx_HAL_Driver/Src/stm32f4xx_hal.o
 .debug_ranges  0x00000ba8       0x18 Drivers/CMSIS/Device/ST/STM32F4xx/Source/Templates/system_stm32f4xx.o
 .debug_ranges  0x00000bc0       0x20 Drivers/CMSIS/Device/ST/STM32F4xx/Source/Templates/gcc/startup_stm32f405xx.o

.debug_macro    0x00000000    0x13deb
 .debug_macro   0x00000000      0x379 Src/usbd_descriptors.o
 .debug_macro   0x00000379      0x868 Src/usbd_descriptors.o
 .debug_macro   0x00000be1       0x58 Src/usbd_descriptors.o
 .debug_macro   0x00000c39       0x22 Src/usbd_descriptors.o
 .debug_macro   0x00000c5b       0x35 Src/usbd_descriptors.o
 .debug_macro   0x00000c90       0x9c Src/usbd_descriptors.o
 .debug_macro   0x00000d2c       0x16 Src/usbd_descriptors.o
 .debug_macro   0x00000d42       0x4a Src/usbd_descriptors.o
 .debug_macro   0x00000d8c       0x97 Src/usbd_descriptors.o
 .debug_macro   0x00000e23      0x27a Src/usbd_descriptors.o
 .debug_macro   0x0000109d       0xf6 Src/usbd_descriptors.o
 .debug_macro   0x00001193       0x10 Src/usbd_descriptors.o
 .debug_macro   0x000011a3       0x52 Src/usbd_descriptors.o
 .debug_macro   0x000011f5       0x16 Src/usbd_descriptors.o
 .debug_macro   0x0000120b       0x43 Src/usbd_descriptors.o
 .debug_macro   0x0000124e      0x180 Src/usbd_descriptors.o
 .debug_macro   0x000013ce       0x10 Src/usbd_descriptors.o
 .debug_macro   0x000013de       0x22 Src/usbd_descriptors.o
 .debug_macro   0x00001400       0xbd Src/usbd_descriptors.o
 .debug_macro   0x000014bd       0x16 Src/usbd_descriptors.o
 .debug_macro   0x000014d3      0x16d Src/usbd_descriptors.o
 .debug_macro   0x00001640       0x16 Src/usbd_descriptors.o
 .debug_macro   0x00001656       0x35 Src/usbd_descriptors.o
 .debug_macro   0x0000168b       0x16 Src/usbd_descriptors.o
 .debug_macro   0x000016a1       0x29 Src/usbd_descriptors.o
 .debug_macro   0x000016ca       0x16 Src/usbd_descriptors.o
 .debug_macro   0x000016e0       0x2e Src/usbd_descriptors.o
 .debug_macro   0x0000170e       0x28 Src/usbd_descriptors.o
 .debug_macro   0x00001736       0x3b Src/usbd_descriptors.o
 .debug_macro   0x00001771       0x1c Src/usbd_descriptors.o
 .debug_macro   0x0000178d      0x1f7 Src/usbd_descriptors.o
 .debug_macro   0x00001984       0x2d Src/usbd_descriptors.o
 .debug_macro   0x000019b1       0x26 Src/usbd_descriptors.o
 .debug_macro   0x000019d7      0xd39 Src/usbd_descriptors.o
 .debug_macro   0x00002710     0x8861 Src/usbd_descriptors.o
 .debug_macro   0x0000af71       0x43 Src/usbd_descriptors.o
 .debug_macro   0x0000afb4      0x1a7 Src/usbd_descriptors.o
 .debug_macro   0x0000b15b     0x2694 Src/usbd_descriptors.o
 .debug_macro   0x0000d7ef       0x57 Src/usbd_descriptors.o
 .debug_macro   0x0000d846      0xa22 Src/usbd_descriptors.o
 .debug_macro   0x0000e268      0x39f Src/usbd_descriptors.o
 .debug_macro   0x0000e607      0x15b Src/usbd_descriptors.o
 .debug_macro   0x0000e762      0x11e Src/usbd_descriptors.o
 .debug_macro   0x0000e880      0x130 Src/usbd_descriptors.o
 .debug_macro   0x0000e9b0       0x27 Src/usbd_descriptors.o
 .debug_macro   0x0000e9d7      0x272 Src/usbd_descriptors.o
 .debug_macro   0x0000ec49       0x5f Src/usbd_descriptors.o
 .debug_macro   0x0000eca8       0x5d Src/usbd_descriptors.o
 .debug_macro   0x0000ed05      0x133 Src/usbd_descriptors.o
 .debug_macro   0x0000ee38      0x217 Src/usbd_descriptors.o
 .debug_macro   0x0000f04f       0x2e Src/usbd_descriptors.o
 .debug_macro   0x0000f07d      0x13a Src/usbd_descriptors.o
 .debug_macro   0x0000f1b7       0x5e Src/usbd_descriptors.o
 .debug_macro   0x0000f215       0x97 Src/usbd_descriptors.o
 .debug_macro   0x0000f2ac      0x209 Src/usbd_descriptors.o
 .debug_macro   0x0000f4b5      0x1df Src/usbd_descriptors.o
 .debug_macro   0x0000f694      0x109 Src/usbd_descriptors.o
 .debug_macro   0x0000f79d      0x125 Src/usbd_descriptors.o
 .debug_macro   0x0000f8c2      0x1b6 Src/usbd_descriptors.o
 .debug_macro   0x0000fa78       0x6a Src/usbd_descriptors.o
 .debug_macro   0x0000fae2       0x82 Src/usbd_descriptors.o
 .debug_macro   0x0000fb64      0x160 Src/usbd_descriptors.o
 .debug_macro   0x0000fcc4       0x2e Src/usbd_descriptors.o
 .debug_macro   0x0000fcf2       0x34 Src/usbd_descriptors.o
 .debug_macro   0x0000fd26      0x316 Src/usbd_config.o
 .debug_macro   0x0001003c       0x44 Src/usbd_config.o
 .debug_macro   0x00010080       0x64 Src/usbd_config.o
 .debug_macro   0x000100e4       0x22 Src/usbd_config.o
 .debug_macro   0x00010106      0x353 Src/usb_device.o
 .debug_macro   0x00010459      0x373 Src/upstream_statemachine.o
 .debug_macro   0x000107cc       0x16 Src/upstream_statemachine.o
 .debug_macro   0x000107e2       0x1c Src/upstream_statemachine.o
 .debug_macro   0x000107fe      0x324 Src/upstream_spi.o
 .debug_macro   0x00010b22       0x1c Src/upstream_spi.o
 .debug_macro   0x00010b3e       0xa6 Src/upstream_spi.o
 .debug_macro   0x00010be4      0x31c Src/upstream_msc.o
 .debug_macro   0x00010f00      0x32a Src/main.o
 .debug_macro   0x0001122a      0x1b7 Src/led.o
 .debug_macro   0x000113e1      0x30b Src/interrupts.o
 .debug_macro   0x000116ec      0x1b1 Src/hal_msp.o
 .debug_macro   0x0001189d      0x303 Middlewares/ST/STM32_USB_Device_Library/Core/Src/usbd_ioreq.o
 .debug_macro   0x00011ba0      0x307 Middlewares/ST/STM32_USB_Device_Library/Core/Src/usbd_ctlreq.o
 .debug_macro   0x00011ea7      0x307 Middlewares/ST/STM32_USB_Device_Library/Core/Src/usbd_core.o
 .debug_macro   0x000121ae      0x36f Middlewares/ST/STM32_USB_Device_Library/Class/MSC/Src/usbd_msc_scsi.o
 .debug_macro   0x0001251d       0x7c Middlewares/ST/STM32_USB_Device_Library/Class/MSC/Src/usbd_msc_scsi.o
 .debug_macro   0x00012599       0x22 Middlewares/ST/STM32_USB_Device_Library/Class/MSC/Src/usbd_msc_scsi.o
 .debug_macro   0x000125bb      0x2f0 Middlewares/ST/STM32_USB_Device_Library/Class/MSC/Src/usbd_msc_data.o
 .debug_macro   0x000128ab       0x1c Middlewares/ST/STM32_USB_Device_Library/Class/MSC/Src/usbd_msc_data.o
 .debug_macro   0x000128c7      0x34d Middlewares/ST/STM32_USB_Device_Library/Class/MSC/Src/usbd_msc_bot.o
 .debug_macro   0x00012c14      0x34a Middlewares/ST/STM32_USB_Device_Library/Class/MSC/Src/usbd_msc.o
 .debug_macro   0x00012f5e      0x1a6 Drivers/STM32F4xx_HAL_Driver/Src/stm32f4xx_ll_usb.o
 .debug_macro   0x00013104      0x1a5 Drivers/STM32F4xx_HAL_Driver/Src/stm32f4xx_hal_spi.o
 .debug_macro   0x000132a9      0x1e1 Drivers/STM32F4xx_HAL_Driver/Src/stm32f4xx_hal_rcc.o
 .debug_macro   0x0001348a      0x19f Drivers/STM32F4xx_HAL_Driver/Src/stm32f4xx_hal_pcd_ex.o
 .debug_macro   0x00013629      0x1ab Drivers/STM32F4xx_HAL_Driver/Src/stm32f4xx_hal_pcd.o
 .debug_macro   0x000137d4      0x1d7 Drivers/STM32F4xx_HAL_Driver/Src/stm32f4xx_hal_gpio.o
 .debug_macro   0x000139ab      0x19f Drivers/STM32F4xx_HAL_Driver/Src/stm32f4xx_hal_cortex.o
 .debug_macro   0x00013b4a      0x1ed Drivers/STM32F4xx_HAL_Driver/Src/stm32f4xx_hal.o
 .debug_macro   0x00013d37       0xb4 Drivers/CMSIS/Device/ST/STM32F4xx/Source/Templates/system_stm32f4xx.o

.debug_line     0x00000000     0xd0e4
 .debug_line    0x00000000      0x7e7 Src/usbd_descriptors.o
 .debug_line    0x000007e7      0x8e2 Src/usbd_config.o
 .debug_line    0x000010c9      0x783 Src/usb_device.o
 .debug_line    0x0000184c      0x8d6 Src/upstream_statemachine.o
 .debug_line    0x00002122      0x98b Src/upstream_spi.o
 .debug_line    0x00002aad      0x859 Src/upstream_msc.o
 .debug_line    0x00003306      0x74c Src/main.o
 .debug_line    0x00003a52      0x576 Src/led.o
 .debug_line    0x00003fc8      0x703 Src/interrupts.o
 .debug_line    0x000046cb      0x593 Src/hal_msp.o
 .debug_line    0x00004c5e      0x762 Middlewares/ST/STM32_USB_Device_Library/Core/Src/usbd_ioreq.o
 .debug_line    0x000053c0      0x8b3 Middlewares/ST/STM32_USB_Device_Library/Core/Src/usbd_ctlreq.o
 .debug_line    0x00005c73      0x8c7 Middlewares/ST/STM32_USB_Device_Library/Core/Src/usbd_core.o
 .debug_line    0x0000653a      0xa60 Middlewares/ST/STM32_USB_Device_Library/Class/MSC/Src/usbd_msc_scsi.o
 .debug_line    0x00006f9a      0x720 Middlewares/ST/STM32_USB_Device_Library/Class/MSC/Src/usbd_msc_data.o
 .debug_line    0x000076ba      0x8c1 Middlewares/ST/STM32_USB_Device_Library/Class/MSC/Src/usbd_msc_bot.o
 .debug_line    0x00007f7b      0x8a2 Middlewares/ST/STM32_USB_Device_Library/Class/MSC/Src/usbd_msc.o
 .debug_line    0x0000881d      0xaee Drivers/STM32F4xx_HAL_Driver/Src/stm32f4xx_ll_usb.o
 .debug_line    0x0000930b      0xd78 Drivers/STM32F4xx_HAL_Driver/Src/stm32f4xx_hal_spi.o
 .debug_line    0x0000a083      0x87f Drivers/STM32F4xx_HAL_Driver/Src/stm32f4xx_hal_rcc.o
 .debug_line    0x0000a902      0x588 Drivers/STM32F4xx_HAL_Driver/Src/stm32f4xx_hal_pcd_ex.o
 .debug_line    0x0000ae8a      0xa27 Drivers/STM32F4xx_HAL_Driver/Src/stm32f4xx_hal_pcd.o
 .debug_line    0x0000b8b1      0x6ce Drivers/STM32F4xx_HAL_Driver/Src/stm32f4xx_hal_gpio.o
 .debug_line    0x0000bf7f      0x6da Drivers/STM32F4xx_HAL_Driver/Src/stm32f4xx_hal_cortex.o
 .debug_line    0x0000c659      0x6e4 Drivers/STM32F4xx_HAL_Driver/Src/stm32f4xx_hal.o
 .debug_line    0x0000cd3d      0x2fa Drivers/CMSIS/Device/ST/STM32F4xx/Source/Templates/system_stm32f4xx.o
 .debug_line    0x0000d037       0xad Drivers/CMSIS/Device/ST/STM32F4xx/Source/Templates/gcc/startup_stm32f405xx.o

.debug_str      0x00000000    0x68db8
 .debug_str     0x00000000    0x6426b Src/usbd_descriptors.o
                              0x64583 (size before relaxing)
 .debug_str     0x0006426b     0x1099 Src/usbd_config.o
                              0x64b57 (size before relaxing)
 .debug_str     0x00065304       0x4b Src/usb_device.o
                              0x6462e (size before relaxing)
 .debug_str     0x0006534f      0x557 Src/upstream_statemachine.o
                              0x64bb5 (size before relaxing)
 .debug_str     0x000658a6      0xbcd Src/upstream_spi.o
                              0x64b20 (size before relaxing)
 .debug_str     0x00066473      0x347 Src/upstream_msc.o
                              0x64150 (size before relaxing)
 .debug_str     0x000667ba      0x194 Src/main.o
                              0x642f5 (size before relaxing)
 .debug_str     0x0006694e       0x5c Src/led.o
                              0x604ec (size before relaxing)
 .debug_str     0x000669aa       0xa6 Src/interrupts.o
                              0x64727 (size before relaxing)
 .debug_str     0x00066a50       0x3f Src/hal_msp.o
                              0x60f7b (size before relaxing)
 .debug_str     0x00066a8f       0xc9 Middlewares/ST/STM32_USB_Device_Library/Core/Src/usbd_ioreq.o
                              0x63d8f (size before relaxing)
 .debug_str     0x00066b58      0x14c Middlewares/ST/STM32_USB_Device_Library/Core/Src/usbd_ctlreq.o
                              0x63e62 (size before relaxing)
 .debug_str     0x00066ca4       0x71 Middlewares/ST/STM32_USB_Device_Library/Core/Src/usbd_core.o
                              0x63f35 (size before relaxing)
 .debug_str     0x00066d15      0x51a Middlewares/ST/STM32_USB_Device_Library/Class/MSC/Src/usbd_msc_scsi.o
                              0x64e0d (size before relaxing)
 .debug_str     0x0006722f       0x49 Middlewares/ST/STM32_USB_Device_Library/Class/MSC/Src/usbd_msc_data.o
                              0x6395a (size before relaxing)
 .debug_str     0x00067278      0x14b Middlewares/ST/STM32_USB_Device_Library/Class/MSC/Src/usbd_msc_bot.o
                              0x649c8 (size before relaxing)
 .debug_str     0x000673c3      0x17f Middlewares/ST/STM32_USB_Device_Library/Class/MSC/Src/usbd_msc.o
                              0x64ab7 (size before relaxing)
 .debug_str     0x00067542      0x74b Drivers/STM32F4xx_HAL_Driver/Src/stm32f4xx_ll_usb.o
                              0x609d7 (size before relaxing)
 .debug_str     0x00067c8d      0x36a Drivers/STM32F4xx_HAL_Driver/Src/stm32f4xx_hal_spi.o
                              0x608b5 (size before relaxing)
 .debug_str     0x00067ff7      0x32a Drivers/STM32F4xx_HAL_Driver/Src/stm32f4xx_hal_rcc.o
                              0x60677 (size before relaxing)
 .debug_str     0x00068321       0x4a Drivers/STM32F4xx_HAL_Driver/Src/stm32f4xx_hal_pcd_ex.o
                              0x603a6 (size before relaxing)
 .debug_str     0x0006836b      0x101 Drivers/STM32F4xx_HAL_Driver/Src/stm32f4xx_hal_pcd.o
                              0x60a87 (size before relaxing)
 .debug_str     0x0006846c      0x240 Drivers/STM32F4xx_HAL_Driver/Src/stm32f4xx_hal_gpio.o
                              0x6042e (size before relaxing)
 .debug_str     0x000686ac      0x2a4 Drivers/STM32F4xx_HAL_Driver/Src/stm32f4xx_hal_cortex.o
                              0x60901 (size before relaxing)
 .debug_str     0x00068950      0x3df Drivers/STM32F4xx_HAL_Driver/Src/stm32f4xx_hal.o
                              0x606c2 (size before relaxing)
 .debug_str     0x00068d2f       0x89 Drivers/CMSIS/Device/ST/STM32F4xx/Source/Templates/system_stm32f4xx.o
                              0x39fc1 (size before relaxing)

.comment        0x00000000       0x70
 .comment       0x00000000       0x70 Src/usbd_descriptors.o
                                 0x71 (size before relaxing)
 .comment       0x00000000       0x71 Src/usbd_config.o
 .comment       0x00000000       0x71 Src/usb_device.o
 .comment       0x00000000       0x71 Src/upstream_statemachine.o
 .comment       0x00000000       0x71 Src/upstream_spi.o
 .comment       0x00000000       0x71 Src/upstream_msc.o
 .comment       0x00000000       0x71 Src/main.o
 .comment       0x00000000       0x71 Src/led.o
 .comment       0x00000000       0x71 Src/interrupts.o
 .comment       0x00000000       0x71 Src/hal_msp.o
 .comment       0x00000000       0x71 Middlewares/ST/STM32_USB_Device_Library/Core/Src/usbd_ioreq.o
 .comment       0x00000000       0x71 Middlewares/ST/STM32_USB_Device_Library/Core/Src/usbd_ctlreq.o
 .comment       0x00000000       0x71 Middlewares/ST/STM32_USB_Device_Library/Core/Src/usbd_core.o
 .comment       0x00000000       0x71 Middlewares/ST/STM32_USB_Device_Library/Class/MSC/Src/usbd_msc_scsi.o
 .comment       0x00000000       0x71 Middlewares/ST/STM32_USB_Device_Library/Class/MSC/Src/usbd_msc_data.o
 .comment       0x00000000       0x71 Middlewares/ST/STM32_USB_Device_Library/Class/MSC/Src/usbd_msc_bot.o
 .comment       0x00000000       0x71 Middlewares/ST/STM32_USB_Device_Library/Class/MSC/Src/usbd_msc.o
 .comment       0x00000000       0x71 Drivers/STM32F4xx_HAL_Driver/Src/stm32f4xx_ll_usb.o
 .comment       0x00000000       0x71 Drivers/STM32F4xx_HAL_Driver/Src/stm32f4xx_hal_spi.o
 .comment       0x00000000       0x71 Drivers/STM32F4xx_HAL_Driver/Src/stm32f4xx_hal_rcc.o
 .comment       0x00000000       0x71 Drivers/STM32F4xx_HAL_Driver/Src/stm32f4xx_hal_pcd_ex.o
 .comment       0x00000000       0x71 Drivers/STM32F4xx_HAL_Driver/Src/stm32f4xx_hal_pcd.o
 .comment       0x00000000       0x71 Drivers/STM32F4xx_HAL_Driver/Src/stm32f4xx_hal_gpio.o
 .comment       0x00000000       0x71 Drivers/STM32F4xx_HAL_Driver/Src/stm32f4xx_hal_cortex.o
 .comment       0x00000000       0x71 Drivers/STM32F4xx_HAL_Driver/Src/stm32f4xx_hal.o
 .comment       0x00000000       0x71 Drivers/CMSIS/Device/ST/STM32F4xx/Source/Templates/system_stm32f4xx.o

.ARM.attributes
                0x00000000       0x31
 .ARM.attributes
                0x00000000       0x33 Src/usbd_descriptors.o
 .ARM.attributes
                0x00000033       0x33 Src/usbd_config.o
 .ARM.attributes
                0x00000066       0x33 Src/usb_device.o
 .ARM.attributes
                0x00000099       0x33 Src/upstream_statemachine.o
 .ARM.attributes
                0x000000cc       0x33 Src/upstream_spi.o
 .ARM.attributes
                0x000000ff       0x33 Src/upstream_msc.o
 .ARM.attributes
                0x00000132       0x33 Src/main.o
 .ARM.attributes
                0x00000165       0x33 Src/led.o
 .ARM.attributes
                0x00000198       0x33 Src/interrupts.o
 .ARM.attributes
                0x000001cb       0x33 Src/hal_msp.o
 .ARM.attributes
                0x000001fe       0x33 Middlewares/ST/STM32_USB_Device_Library/Core/Src/usbd_ioreq.o
 .ARM.attributes
                0x00000231       0x33 Middlewares/ST/STM32_USB_Device_Library/Core/Src/usbd_ctlreq.o
 .ARM.attributes
                0x00000264       0x33 Middlewares/ST/STM32_USB_Device_Library/Core/Src/usbd_core.o
 .ARM.attributes
                0x00000297       0x33 Middlewares/ST/STM32_USB_Device_Library/Class/MSC/Src/usbd_msc_scsi.o
 .ARM.attributes
                0x000002ca       0x33 Middlewares/ST/STM32_USB_Device_Library/Class/MSC/Src/usbd_msc_data.o
 .ARM.attributes
                0x000002fd       0x33 Middlewares/ST/STM32_USB_Device_Library/Class/MSC/Src/usbd_msc_bot.o
 .ARM.attributes
                0x00000330       0x33 Middlewares/ST/STM32_USB_Device_Library/Class/MSC/Src/usbd_msc.o
 .ARM.attributes
                0x00000363       0x33 Drivers/STM32F4xx_HAL_Driver/Src/stm32f4xx_ll_usb.o
 .ARM.attributes
                0x00000396       0x33 Drivers/STM32F4xx_HAL_Driver/Src/stm32f4xx_hal_spi.o
 .ARM.attributes
                0x000003c9       0x33 Drivers/STM32F4xx_HAL_Driver/Src/stm32f4xx_hal_rcc.o
 .ARM.attributes
                0x000003fc       0x33 Drivers/STM32F4xx_HAL_Driver/Src/stm32f4xx_hal_pcd_ex.o
 .ARM.attributes
                0x0000042f       0x33 Drivers/STM32F4xx_HAL_Driver/Src/stm32f4xx_hal_pcd.o
 .ARM.attributes
                0x00000462       0x33 Drivers/STM32F4xx_HAL_Driver/Src/stm32f4xx_hal_gpio.o
 .ARM.attributes
                0x00000495       0x33 Drivers/STM32F4xx_HAL_Driver/Src/stm32f4xx_hal_cortex.o
 .ARM.attributes
                0x000004c8       0x33 Drivers/STM32F4xx_HAL_Driver/Src/stm32f4xx_hal.o
 .ARM.attributes
                0x000004fb       0x33 Drivers/CMSIS/Device/ST/STM32F4xx/Source/Templates/system_stm32f4xx.o
 .ARM.attributes
                0x0000052e       0x21 Drivers/CMSIS/Device/ST/STM32F4xx/Source/Templates/gcc/startup_stm32f405xx.o
 .ARM.attributes
                0x0000054f       0x2d /usr/local/gcc-arm-none-eabi-4_9-2014q4/bin/../lib/gcc/arm-none-eabi/4.9.3/../../../../arm-none-eabi/lib/armv7-m/libg_nano.a(lib_a-malloc.o)
 .ARM.attributes
                0x0000057c       0x2d /usr/local/gcc-arm-none-eabi-4_9-2014q4/bin/../lib/gcc/arm-none-eabi/4.9.3/../../../../arm-none-eabi/lib/armv7-m/libg_nano.a(lib_a-nano-freer.o)
 .ARM.attributes
                0x000005a9       0x2d /usr/local/gcc-arm-none-eabi-4_9-2014q4/bin/../lib/gcc/arm-none-eabi/4.9.3/../../../../arm-none-eabi/lib/armv7-m/libg_nano.a(lib_a-nano-mallocr.o)
 .ARM.attributes
                0x000005d6       0x2d /usr/local/gcc-arm-none-eabi-4_9-2014q4/bin/../lib/gcc/arm-none-eabi/4.9.3/../../../../arm-none-eabi/lib/armv7-m/libg_nano.a(lib_a-sbrkr.o)
 .ARM.attributes
                0x00000603       0x2d /usr/local/gcc-arm-none-eabi-4_9-2014q4/bin/../lib/gcc/arm-none-eabi/4.9.3/../../../../arm-none-eabi/lib/armv7-m/libg_nano.a(lib_a-impure.o)
 .ARM.attributes
                0x00000630       0x2d /usr/local/gcc-arm-none-eabi-4_9-2014q4/bin/../lib/gcc/arm-none-eabi/4.9.3/../../../../arm-none-eabi/lib/armv7-m/libg_nano.a(lib_a-reent.o)
 .ARM.attributes
                0x0000065d       0x2d /usr/local/gcc-arm-none-eabi-4_9-2014q4/bin/../lib/gcc/arm-none-eabi/4.9.3/../../../../arm-none-eabi/lib/armv7-m/libnosys.a(sbrk.o)

.debug_frame    0x00000000     0x2304
 .debug_frame   0x00000000       0xa8 Src/usbd_descriptors.o
 .debug_frame   0x000000a8      0x2d4 Src/usbd_config.o
 .debug_frame   0x0000037c       0x28 Src/usb_device.o
 .debug_frame   0x000003a4       0xbc Src/upstream_statemachine.o
 .debug_frame   0x00000460      0x18c Src/upstream_spi.o
 .debug_frame   0x000005ec      0x148 Src/upstream_msc.o
 .debug_frame   0x00000734       0x6c Src/main.o
 .debug_frame   0x000007a0       0x48 Src/led.o
 .debug_frame   0x000007e8       0x70 Src/interrupts.o
 .debug_frame   0x00000858       0x6c Src/hal_msp.o
 .debug_frame   0x000008c4       0xc0 Middlewares/ST/STM32_USB_Device_Library/Core/Src/usbd_ioreq.o
 .debug_frame   0x00000984      0x178 Middlewares/ST/STM32_USB_Device_Library/Core/Src/usbd_ctlreq.o
 .debug_frame   0x00000afc      0x1dc Middlewares/ST/STM32_USB_Device_Library/Core/Src/usbd_core.o
 .debug_frame   0x00000cd8      0x224 Middlewares/ST/STM32_USB_Device_Library/Class/MSC/Src/usbd_msc_scsi.o
 .debug_frame   0x00000efc      0x158 Middlewares/ST/STM32_USB_Device_Library/Class/MSC/Src/usbd_msc_bot.o
 .debug_frame   0x00001054       0xe8 Middlewares/ST/STM32_USB_Device_Library/Class/MSC/Src/usbd_msc.o
 .debug_frame   0x0000113c      0x47c Drivers/STM32F4xx_HAL_Driver/Src/stm32f4xx_ll_usb.o
 .debug_frame   0x000015b8      0x3f4 Drivers/STM32F4xx_HAL_Driver/Src/stm32f4xx_hal_spi.o
 .debug_frame   0x000019ac      0x13c Drivers/STM32F4xx_HAL_Driver/Src/stm32f4xx_hal_rcc.o
 .debug_frame   0x00001ae8       0x3c Drivers/STM32F4xx_HAL_Driver/Src/stm32f4xx_hal_pcd_ex.o
 .debug_frame   0x00001b24      0x310 Drivers/STM32F4xx_HAL_Driver/Src/stm32f4xx_hal_pcd.o
 .debug_frame   0x00001e34       0xc0 Drivers/STM32F4xx_HAL_Driver/Src/stm32f4xx_hal_gpio.o
 .debug_frame   0x00001ef4      0x128 Drivers/STM32F4xx_HAL_Driver/Src/stm32f4xx_hal_cortex.o
 .debug_frame   0x0000201c      0x188 Drivers/STM32F4xx_HAL_Driver/Src/stm32f4xx_hal.o
 .debug_frame   0x000021a4       0x30 Drivers/CMSIS/Device/ST/STM32F4xx/Source/Templates/system_stm32f4xx.o
 .debug_frame   0x000021d4       0x30 /usr/local/gcc-arm-none-eabi-4_9-2014q4/bin/../lib/gcc/arm-none-eabi/4.9.3/../../../../arm-none-eabi/lib/armv7-m/libg_nano.a(lib_a-malloc.o)
 .debug_frame   0x00002204       0x2c /usr/local/gcc-arm-none-eabi-4_9-2014q4/bin/../lib/gcc/arm-none-eabi/4.9.3/../../../../arm-none-eabi/lib/armv7-m/libg_nano.a(lib_a-nano-freer.o)
 .debug_frame   0x00002230       0x2c /usr/local/gcc-arm-none-eabi-4_9-2014q4/bin/../lib/gcc/arm-none-eabi/4.9.3/../../../../arm-none-eabi/lib/armv7-m/libg_nano.a(lib_a-nano-mallocr.o)
 .debug_frame   0x0000225c       0x2c /usr/local/gcc-arm-none-eabi-4_9-2014q4/bin/../lib/gcc/arm-none-eabi/4.9.3/../../../../arm-none-eabi/lib/armv7-m/libg_nano.a(lib_a-sbrkr.o)
 .debug_frame   0x00002288       0x5c /usr/local/gcc-arm-none-eabi-4_9-2014q4/bin/../lib/gcc/arm-none-eabi/4.9.3/../../../../arm-none-eabi/lib/armv7-m/libg_nano.a(lib_a-reent.o)
 .debug_frame   0x000022e4       0x20 /usr/local/gcc-arm-none-eabi-4_9-2014q4/bin/../lib/gcc/arm-none-eabi/4.9.3/../../../../arm-none-eabi/lib/armv7-m/libnosys.a(sbrk.o)